 
****************************************
check_design summary:
Version:     M-2016.12-SP2
Date:        Wed Jul  4 11:50:58 2018
****************************************

                   Name                                            Total
--------------------------------------------------------------------------------
Inputs/Outputs                                                    264
    Unconnected ports (LINT-28)                                   212
    Shorted outputs (LINT-31)                                      25
    Constant outputs (LINT-52)                                     27
--------------------------------------------------------------------------------

Warning: In design 'or1200_top', port 'sfllKey[129]' is not connected to any nets. (LINT-28)
Warning: In design 'or1200_top', port 'sfllKey[128]' is not connected to any nets. (LINT-28)
Warning: In design 'or1200_top', port 'sfllKey[127]' is not connected to any nets. (LINT-28)
Warning: In design 'or1200_top', port 'sfllKey[126]' is not connected to any nets. (LINT-28)
Warning: In design 'or1200_top', port 'sfllKey[125]' is not connected to any nets. (LINT-28)
Warning: In design 'or1200_top', port 'sfllKey[124]' is not connected to any nets. (LINT-28)
Warning: In design 'or1200_top', port 'sfllKey[123]' is not connected to any nets. (LINT-28)
Warning: In design 'or1200_top', port 'sfllKey[122]' is not connected to any nets. (LINT-28)
Warning: In design 'or1200_top', port 'sfllKey[121]' is not connected to any nets. (LINT-28)
Warning: In design 'or1200_top', port 'sfllKey[120]' is not connected to any nets. (LINT-28)
Warning: In design 'or1200_top', port 'sfllKey[119]' is not connected to any nets. (LINT-28)
Warning: In design 'or1200_top', port 'sfllKey[118]' is not connected to any nets. (LINT-28)
Warning: In design 'or1200_top', port 'sfllKey[117]' is not connected to any nets. (LINT-28)
Warning: In design 'or1200_top', port 'sfllKey[116]' is not connected to any nets. (LINT-28)
Warning: In design 'or1200_top', port 'sfllKey[115]' is not connected to any nets. (LINT-28)
Warning: In design 'or1200_top', port 'sfllKey[114]' is not connected to any nets. (LINT-28)
Warning: In design 'or1200_top', port 'sfllKey[113]' is not connected to any nets. (LINT-28)
Warning: In design 'or1200_top', port 'sfllKey[112]' is not connected to any nets. (LINT-28)
Warning: In design 'or1200_top', port 'sfllKey[111]' is not connected to any nets. (LINT-28)
Warning: In design 'or1200_top', port 'sfllKey[110]' is not connected to any nets. (LINT-28)
Warning: In design 'or1200_top', port 'sfllKey[109]' is not connected to any nets. (LINT-28)
Warning: In design 'or1200_top', port 'sfllKey[108]' is not connected to any nets. (LINT-28)
Warning: In design 'or1200_top', port 'sfllKey[107]' is not connected to any nets. (LINT-28)
Warning: In design 'or1200_top', port 'sfllKey[106]' is not connected to any nets. (LINT-28)
Warning: In design 'or1200_top', port 'sfllKey[105]' is not connected to any nets. (LINT-28)
Warning: In design 'or1200_top', port 'sfllKey[104]' is not connected to any nets. (LINT-28)
Warning: In design 'or1200_top', port 'sfllKey[103]' is not connected to any nets. (LINT-28)
Warning: In design 'or1200_top', port 'sfllKey[102]' is not connected to any nets. (LINT-28)
Warning: In design 'or1200_top', port 'sfllKey[101]' is not connected to any nets. (LINT-28)
Warning: In design 'or1200_top', port 'sfllKey[100]' is not connected to any nets. (LINT-28)
Warning: In design 'or1200_top', port 'sfllKey[99]' is not connected to any nets. (LINT-28)
Warning: In design 'or1200_top', port 'sfllKey[98]' is not connected to any nets. (LINT-28)
Warning: In design 'or1200_top', port 'sfllKey[97]' is not connected to any nets. (LINT-28)
Warning: In design 'or1200_top', port 'sfllKey[96]' is not connected to any nets. (LINT-28)
Warning: In design 'or1200_top', port 'sfllKey[95]' is not connected to any nets. (LINT-28)
Warning: In design 'or1200_top', port 'sfllKey[94]' is not connected to any nets. (LINT-28)
Warning: In design 'or1200_top', port 'sfllKey[93]' is not connected to any nets. (LINT-28)
Warning: In design 'or1200_top', port 'sfllKey[92]' is not connected to any nets. (LINT-28)
Warning: In design 'or1200_top', port 'sfllKey[91]' is not connected to any nets. (LINT-28)
Warning: In design 'or1200_top', port 'sfllKey[90]' is not connected to any nets. (LINT-28)
Warning: In design 'or1200_top', port 'sfllKey[89]' is not connected to any nets. (LINT-28)
Warning: In design 'or1200_top', port 'sfllKey[88]' is not connected to any nets. (LINT-28)
Warning: In design 'or1200_top', port 'sfllKey[87]' is not connected to any nets. (LINT-28)
Warning: In design 'or1200_top', port 'sfllKey[86]' is not connected to any nets. (LINT-28)
Warning: In design 'or1200_top', port 'sfllKey[85]' is not connected to any nets. (LINT-28)
Warning: In design 'or1200_top', port 'sfllKey[84]' is not connected to any nets. (LINT-28)
Warning: In design 'or1200_top', port 'sfllKey[83]' is not connected to any nets. (LINT-28)
Warning: In design 'or1200_top', port 'sfllKey[82]' is not connected to any nets. (LINT-28)
Warning: In design 'or1200_top', port 'sfllKey[81]' is not connected to any nets. (LINT-28)
Warning: In design 'or1200_top', port 'sfllKey[80]' is not connected to any nets. (LINT-28)
Warning: In design 'or1200_top', port 'sfllKey[79]' is not connected to any nets. (LINT-28)
Warning: In design 'or1200_top', port 'sfllKey[78]' is not connected to any nets. (LINT-28)
Warning: In design 'or1200_top', port 'sfllKey[77]' is not connected to any nets. (LINT-28)
Warning: In design 'or1200_top', port 'sfllKey[76]' is not connected to any nets. (LINT-28)
Warning: In design 'or1200_top', port 'sfllKey[75]' is not connected to any nets. (LINT-28)
Warning: In design 'or1200_top', port 'sfllKey[74]' is not connected to any nets. (LINT-28)
Warning: In design 'or1200_top', port 'sfllKey[73]' is not connected to any nets. (LINT-28)
Warning: In design 'or1200_top', port 'sfllKey[72]' is not connected to any nets. (LINT-28)
Warning: In design 'or1200_top', port 'sfllKey[71]' is not connected to any nets. (LINT-28)
Warning: In design 'or1200_top', port 'sfllKey[70]' is not connected to any nets. (LINT-28)
Warning: In design 'or1200_top', port 'sfllKey[69]' is not connected to any nets. (LINT-28)
Warning: In design 'or1200_top', port 'sfllKey[68]' is not connected to any nets. (LINT-28)
Warning: In design 'or1200_top', port 'sfllKey[67]' is not connected to any nets. (LINT-28)
Warning: In design 'or1200_top', port 'sfllKey[66]' is not connected to any nets. (LINT-28)
Warning: In design 'or1200_top', port 'sfllKey[65]' is not connected to any nets. (LINT-28)
Warning: In design 'or1200_top', port 'sfllKey[64]' is not connected to any nets. (LINT-28)
Warning: In design 'or1200_top', port 'sfllKey[63]' is not connected to any nets. (LINT-28)
Warning: In design 'or1200_top', port 'sfllKey[62]' is not connected to any nets. (LINT-28)
Warning: In design 'or1200_top', port 'sfllKey[61]' is not connected to any nets. (LINT-28)
Warning: In design 'or1200_top', port 'sfllKey[60]' is not connected to any nets. (LINT-28)
Warning: In design 'or1200_top', port 'sfllKey[59]' is not connected to any nets. (LINT-28)
Warning: In design 'or1200_top', port 'sfllKey[58]' is not connected to any nets. (LINT-28)
Warning: In design 'or1200_top', port 'sfllKey[57]' is not connected to any nets. (LINT-28)
Warning: In design 'or1200_top', port 'sfllKey[56]' is not connected to any nets. (LINT-28)
Warning: In design 'or1200_top', port 'sfllKey[55]' is not connected to any nets. (LINT-28)
Warning: In design 'or1200_top', port 'sfllKey[54]' is not connected to any nets. (LINT-28)
Warning: In design 'or1200_top', port 'sfllKey[53]' is not connected to any nets. (LINT-28)
Warning: In design 'or1200_top', port 'sfllKey[52]' is not connected to any nets. (LINT-28)
Warning: In design 'or1200_top', port 'sfllKey[51]' is not connected to any nets. (LINT-28)
Warning: In design 'or1200_top', port 'sfllKey[50]' is not connected to any nets. (LINT-28)
Warning: In design 'or1200_top', port 'sfllKey[49]' is not connected to any nets. (LINT-28)
Warning: In design 'or1200_top', port 'sfllKey[48]' is not connected to any nets. (LINT-28)
Warning: In design 'or1200_top', port 'sfllKey[47]' is not connected to any nets. (LINT-28)
Warning: In design 'or1200_top', port 'sfllKey[46]' is not connected to any nets. (LINT-28)
Warning: In design 'or1200_top', port 'sfllKey[45]' is not connected to any nets. (LINT-28)
Warning: In design 'or1200_top', port 'sfllKey[44]' is not connected to any nets. (LINT-28)
Warning: In design 'or1200_top', port 'sfllKey[43]' is not connected to any nets. (LINT-28)
Warning: In design 'or1200_top', port 'sfllKey[42]' is not connected to any nets. (LINT-28)
Warning: In design 'or1200_top', port 'sfllKey[41]' is not connected to any nets. (LINT-28)
Warning: In design 'or1200_top', port 'sfllKey[40]' is not connected to any nets. (LINT-28)
Warning: In design 'or1200_top', port 'sfllKey[39]' is not connected to any nets. (LINT-28)
Warning: In design 'or1200_top', port 'sfllKey[38]' is not connected to any nets. (LINT-28)
Warning: In design 'or1200_top', port 'sfllKey[37]' is not connected to any nets. (LINT-28)
Warning: In design 'or1200_top', port 'sfllKey[36]' is not connected to any nets. (LINT-28)
Warning: In design 'or1200_top', port 'sfllKey[35]' is not connected to any nets. (LINT-28)
Warning: In design 'or1200_top', port 'sfllKey[34]' is not connected to any nets. (LINT-28)
Warning: In design 'or1200_top', port 'sfllKey[33]' is not connected to any nets. (LINT-28)
Warning: In design 'or1200_top', port 'sfllKey[32]' is not connected to any nets. (LINT-28)
Warning: In design 'or1200_top', port 'sfllKey[31]' is not connected to any nets. (LINT-28)
Warning: In design 'or1200_top', port 'sfllKey[30]' is not connected to any nets. (LINT-28)
Warning: In design 'or1200_top', port 'sfllKey[29]' is not connected to any nets. (LINT-28)
Warning: In design 'or1200_top', port 'sfllKey[28]' is not connected to any nets. (LINT-28)
Warning: In design 'or1200_top', port 'sfllKey[27]' is not connected to any nets. (LINT-28)
Warning: In design 'or1200_top', port 'sfllKey[26]' is not connected to any nets. (LINT-28)
Warning: In design 'or1200_top', port 'sfllKey[25]' is not connected to any nets. (LINT-28)
Warning: In design 'or1200_top', port 'sfllKey[24]' is not connected to any nets. (LINT-28)
Warning: In design 'or1200_top', port 'sfllKey[23]' is not connected to any nets. (LINT-28)
Warning: In design 'or1200_top', port 'sfllKey[22]' is not connected to any nets. (LINT-28)
Warning: In design 'or1200_top', port 'sfllKey[21]' is not connected to any nets. (LINT-28)
Warning: In design 'or1200_top', port 'sfllKey[20]' is not connected to any nets. (LINT-28)
Warning: In design 'or1200_top', port 'sfllKey[19]' is not connected to any nets. (LINT-28)
Warning: In design 'or1200_top', port 'sfllKey[18]' is not connected to any nets. (LINT-28)
Warning: In design 'or1200_top', port 'sfllKey[17]' is not connected to any nets. (LINT-28)
Warning: In design 'or1200_top', port 'sfllKey[16]' is not connected to any nets. (LINT-28)
Warning: In design 'or1200_top', port 'sfllKey[15]' is not connected to any nets. (LINT-28)
Warning: In design 'or1200_top', port 'sfllKey[14]' is not connected to any nets. (LINT-28)
Warning: In design 'or1200_top', port 'sfllKey[13]' is not connected to any nets. (LINT-28)
Warning: In design 'or1200_top', port 'sfllKey[12]' is not connected to any nets. (LINT-28)
Warning: In design 'or1200_top', port 'sfllKey[11]' is not connected to any nets. (LINT-28)
Warning: In design 'or1200_top', port 'sfllKey[10]' is not connected to any nets. (LINT-28)
Warning: In design 'or1200_top', port 'sfllKey[9]' is not connected to any nets. (LINT-28)
Warning: In design 'or1200_top', port 'sfllKey[8]' is not connected to any nets. (LINT-28)
Warning: In design 'or1200_top', port 'sfllKey[7]' is not connected to any nets. (LINT-28)
Warning: In design 'or1200_top', port 'sfllKey[6]' is not connected to any nets. (LINT-28)
Warning: In design 'or1200_top', port 'sfllKey[5]' is not connected to any nets. (LINT-28)
Warning: In design 'or1200_top', port 'sfllKey[4]' is not connected to any nets. (LINT-28)
Warning: In design 'or1200_top', port 'sfllKey[3]' is not connected to any nets. (LINT-28)
Warning: In design 'or1200_top', port 'sfllKey[2]' is not connected to any nets. (LINT-28)
Warning: In design 'or1200_top', port 'sfllKey[1]' is not connected to any nets. (LINT-28)
Warning: In design 'or1200_top', port 'sfllKey[0]' is not connected to any nets. (LINT-28)
Warning: In design 'or1200_top', port 'fllkey[79]' is not connected to any nets. (LINT-28)
Warning: In design 'or1200_top', port 'fllkey[78]' is not connected to any nets. (LINT-28)
Warning: In design 'or1200_top', port 'fllkey[77]' is not connected to any nets. (LINT-28)
Warning: In design 'or1200_top', port 'fllkey[76]' is not connected to any nets. (LINT-28)
Warning: In design 'or1200_top', port 'fllkey[75]' is not connected to any nets. (LINT-28)
Warning: In design 'or1200_top', port 'fllkey[74]' is not connected to any nets. (LINT-28)
Warning: In design 'or1200_top', port 'fllkey[73]' is not connected to any nets. (LINT-28)
Warning: In design 'or1200_top', port 'fllkey[72]' is not connected to any nets. (LINT-28)
Warning: In design 'or1200_top', port 'fllkey[71]' is not connected to any nets. (LINT-28)
Warning: In design 'or1200_top', port 'fllkey[70]' is not connected to any nets. (LINT-28)
Warning: In design 'or1200_top', port 'fllkey[69]' is not connected to any nets. (LINT-28)
Warning: In design 'or1200_top', port 'fllkey[68]' is not connected to any nets. (LINT-28)
Warning: In design 'or1200_top', port 'fllkey[67]' is not connected to any nets. (LINT-28)
Warning: In design 'or1200_top', port 'fllkey[66]' is not connected to any nets. (LINT-28)
Warning: In design 'or1200_top', port 'fllkey[65]' is not connected to any nets. (LINT-28)
Warning: In design 'or1200_top', port 'fllkey[64]' is not connected to any nets. (LINT-28)
Warning: In design 'or1200_top', port 'fllkey[63]' is not connected to any nets. (LINT-28)
Warning: In design 'or1200_top', port 'fllkey[62]' is not connected to any nets. (LINT-28)
Warning: In design 'or1200_top', port 'fllkey[61]' is not connected to any nets. (LINT-28)
Warning: In design 'or1200_top', port 'fllkey[60]' is not connected to any nets. (LINT-28)
Warning: In design 'or1200_top', port 'fllkey[59]' is not connected to any nets. (LINT-28)
Warning: In design 'or1200_top', port 'fllkey[58]' is not connected to any nets. (LINT-28)
Warning: In design 'or1200_top', port 'fllkey[57]' is not connected to any nets. (LINT-28)
Warning: In design 'or1200_top', port 'fllkey[56]' is not connected to any nets. (LINT-28)
Warning: In design 'or1200_top', port 'fllkey[55]' is not connected to any nets. (LINT-28)
Warning: In design 'or1200_top', port 'fllkey[54]' is not connected to any nets. (LINT-28)
Warning: In design 'or1200_top', port 'fllkey[53]' is not connected to any nets. (LINT-28)
Warning: In design 'or1200_top', port 'fllkey[52]' is not connected to any nets. (LINT-28)
Warning: In design 'or1200_top', port 'fllkey[51]' is not connected to any nets. (LINT-28)
Warning: In design 'or1200_top', port 'fllkey[50]' is not connected to any nets. (LINT-28)
Warning: In design 'or1200_top', port 'fllkey[49]' is not connected to any nets. (LINT-28)
Warning: In design 'or1200_top', port 'fllkey[48]' is not connected to any nets. (LINT-28)
Warning: In design 'or1200_top', port 'fllkey[47]' is not connected to any nets. (LINT-28)
Warning: In design 'or1200_top', port 'fllkey[46]' is not connected to any nets. (LINT-28)
Warning: In design 'or1200_top', port 'fllkey[45]' is not connected to any nets. (LINT-28)
Warning: In design 'or1200_top', port 'fllkey[44]' is not connected to any nets. (LINT-28)
Warning: In design 'or1200_top', port 'fllkey[43]' is not connected to any nets. (LINT-28)
Warning: In design 'or1200_top', port 'fllkey[42]' is not connected to any nets. (LINT-28)
Warning: In design 'or1200_top', port 'fllkey[41]' is not connected to any nets. (LINT-28)
Warning: In design 'or1200_top', port 'fllkey[40]' is not connected to any nets. (LINT-28)
Warning: In design 'or1200_top', port 'fllkey[39]' is not connected to any nets. (LINT-28)
Warning: In design 'or1200_top', port 'fllkey[38]' is not connected to any nets. (LINT-28)
Warning: In design 'or1200_top', port 'fllkey[37]' is not connected to any nets. (LINT-28)
Warning: In design 'or1200_top', port 'fllkey[36]' is not connected to any nets. (LINT-28)
Warning: In design 'or1200_top', port 'fllkey[35]' is not connected to any nets. (LINT-28)
Warning: In design 'or1200_top', port 'fllkey[34]' is not connected to any nets. (LINT-28)
Warning: In design 'or1200_top', port 'fllkey[33]' is not connected to any nets. (LINT-28)
Warning: In design 'or1200_top', port 'fllkey[32]' is not connected to any nets. (LINT-28)
Warning: In design 'or1200_top', port 'fllkey[31]' is not connected to any nets. (LINT-28)
Warning: In design 'or1200_top', port 'fllkey[30]' is not connected to any nets. (LINT-28)
Warning: In design 'or1200_top', port 'fllkey[29]' is not connected to any nets. (LINT-28)
Warning: In design 'or1200_top', port 'fllkey[28]' is not connected to any nets. (LINT-28)
Warning: In design 'or1200_top', port 'fllkey[27]' is not connected to any nets. (LINT-28)
Warning: In design 'or1200_top', port 'fllkey[26]' is not connected to any nets. (LINT-28)
Warning: In design 'or1200_top', port 'fllkey[25]' is not connected to any nets. (LINT-28)
Warning: In design 'or1200_top', port 'fllkey[24]' is not connected to any nets. (LINT-28)
Warning: In design 'or1200_top', port 'fllkey[23]' is not connected to any nets. (LINT-28)
Warning: In design 'or1200_top', port 'fllkey[22]' is not connected to any nets. (LINT-28)
Warning: In design 'or1200_top', port 'fllkey[21]' is not connected to any nets. (LINT-28)
Warning: In design 'or1200_top', port 'fllkey[20]' is not connected to any nets. (LINT-28)
Warning: In design 'or1200_top', port 'fllkey[19]' is not connected to any nets. (LINT-28)
Warning: In design 'or1200_top', port 'fllkey[18]' is not connected to any nets. (LINT-28)
Warning: In design 'or1200_top', port 'fllkey[17]' is not connected to any nets. (LINT-28)
Warning: In design 'or1200_top', port 'fllkey[16]' is not connected to any nets. (LINT-28)
Warning: In design 'or1200_top', port 'fllkey[15]' is not connected to any nets. (LINT-28)
Warning: In design 'or1200_top', port 'fllkey[14]' is not connected to any nets. (LINT-28)
Warning: In design 'or1200_top', port 'fllkey[13]' is not connected to any nets. (LINT-28)
Warning: In design 'or1200_top', port 'fllkey[12]' is not connected to any nets. (LINT-28)
Warning: In design 'or1200_top', port 'fllkey[11]' is not connected to any nets. (LINT-28)
Warning: In design 'or1200_top', port 'fllkey[10]' is not connected to any nets. (LINT-28)
Warning: In design 'or1200_top', port 'fllkey[9]' is not connected to any nets. (LINT-28)
Warning: In design 'or1200_top', port 'fllkey[8]' is not connected to any nets. (LINT-28)
Warning: In design 'or1200_top', port 'fllkey[7]' is not connected to any nets. (LINT-28)
Warning: In design 'or1200_top', port 'fllkey[6]' is not connected to any nets. (LINT-28)
Warning: In design 'or1200_top', port 'fllkey[5]' is not connected to any nets. (LINT-28)
Warning: In design 'or1200_top', port 'fllkey[4]' is not connected to any nets. (LINT-28)
Warning: In design 'or1200_top', port 'fllkey[3]' is not connected to any nets. (LINT-28)
Warning: In design 'or1200_top', port 'fllkey[2]' is not connected to any nets. (LINT-28)
Warning: In design 'or1200_top', port 'fllkey[1]' is not connected to any nets. (LINT-28)
Warning: In design 'or1200_top', port 'fllkey[0]' is not connected to any nets. (LINT-28)
Warning: In design 'or1200_top', port 'dbg_ewt_i' is not connected to any nets. (LINT-28)
Warning: In design 'or1200_top', port 'pm_cpustall_i' is not connected to any nets. (LINT-28)
Warning: In design 'or1200_top', output port 'dbg_lss_o[3]' is connected directly to output port 'pm_lvolt_o'. (LINT-31)
Warning: In design 'or1200_top', output port 'dbg_lss_o[3]' is connected directly to output port 'pm_cpu_gate_o'. (LINT-31)
Warning: In design 'or1200_top', output port 'dbg_lss_o[3]' is connected directly to output port 'pm_tt_gate_o'. (LINT-31)
Warning: In design 'or1200_top', output port 'dbg_lss_o[3]' is connected directly to output port 'pm_immu_gate_o'. (LINT-31)
Warning: In design 'or1200_top', output port 'dbg_lss_o[3]' is connected directly to output port 'pm_dmmu_gate_o'. (LINT-31)
Warning: In design 'or1200_top', output port 'dbg_lss_o[3]' is connected directly to output port 'pm_ic_gate_o'. (LINT-31)
Warning: In design 'or1200_top', output port 'dbg_lss_o[3]' is connected directly to output port 'pm_dc_gate_o'. (LINT-31)
Warning: In design 'or1200_top', output port 'dbg_lss_o[3]' is connected directly to output port 'pm_clksd_o[0]'. (LINT-31)
Warning: In design 'or1200_top', output port 'dbg_lss_o[3]' is connected directly to output port 'pm_clksd_o[1]'. (LINT-31)
Warning: In design 'or1200_top', output port 'dbg_lss_o[3]' is connected directly to output port 'pm_clksd_o[2]'. (LINT-31)
Warning: In design 'or1200_top', output port 'dbg_lss_o[3]' is connected directly to output port 'pm_clksd_o[3]'. (LINT-31)
Warning: In design 'or1200_top', output port 'dbg_lss_o[3]' is connected directly to output port 'dbg_wp_o[0]'. (LINT-31)
Warning: In design 'or1200_top', output port 'dbg_lss_o[3]' is connected directly to output port 'dbg_wp_o[1]'. (LINT-31)
Warning: In design 'or1200_top', output port 'dbg_lss_o[3]' is connected directly to output port 'dbg_wp_o[2]'. (LINT-31)
Warning: In design 'or1200_top', output port 'dbg_lss_o[3]' is connected directly to output port 'dbg_wp_o[3]'. (LINT-31)
Warning: In design 'or1200_top', output port 'dbg_lss_o[3]' is connected directly to output port 'dbg_wp_o[4]'. (LINT-31)
Warning: In design 'or1200_top', output port 'dbg_lss_o[3]' is connected directly to output port 'dbg_wp_o[5]'. (LINT-31)
Warning: In design 'or1200_top', output port 'dbg_lss_o[3]' is connected directly to output port 'dbg_wp_o[6]'. (LINT-31)
Warning: In design 'or1200_top', output port 'dbg_lss_o[3]' is connected directly to output port 'dbg_wp_o[7]'. (LINT-31)
Warning: In design 'or1200_top', output port 'dbg_lss_o[3]' is connected directly to output port 'dbg_wp_o[8]'. (LINT-31)
Warning: In design 'or1200_top', output port 'dbg_lss_o[3]' is connected directly to output port 'dbg_wp_o[9]'. (LINT-31)
Warning: In design 'or1200_top', output port 'dbg_lss_o[3]' is connected directly to output port 'dbg_wp_o[10]'. (LINT-31)
Warning: In design 'or1200_top', output port 'dbg_lss_o[3]' is connected directly to output port 'dbg_lss_o[0]'. (LINT-31)
Warning: In design 'or1200_top', output port 'dbg_lss_o[3]' is connected directly to output port 'dbg_lss_o[1]'. (LINT-31)
Warning: In design 'or1200_top', output port 'dbg_lss_o[3]' is connected directly to output port 'dbg_lss_o[2]'. (LINT-31)
Warning: In design 'or1200_top', output port 'dbg_lss_o[3]' is connected directly to 'logic 0'. (LINT-52)
Warning: In design 'or1200_top', output port 'dbg_lss_o[2]' is connected directly to 'logic 0'. (LINT-52)
Warning: In design 'or1200_top', output port 'dbg_lss_o[1]' is connected directly to 'logic 0'. (LINT-52)
Warning: In design 'or1200_top', output port 'dbg_lss_o[0]' is connected directly to 'logic 0'. (LINT-52)
Warning: In design 'or1200_top', output port 'dbg_wp_o[10]' is connected directly to 'logic 0'. (LINT-52)
Warning: In design 'or1200_top', output port 'dbg_wp_o[9]' is connected directly to 'logic 0'. (LINT-52)
Warning: In design 'or1200_top', output port 'dbg_wp_o[8]' is connected directly to 'logic 0'. (LINT-52)
Warning: In design 'or1200_top', output port 'dbg_wp_o[7]' is connected directly to 'logic 0'. (LINT-52)
Warning: In design 'or1200_top', output port 'dbg_wp_o[6]' is connected directly to 'logic 0'. (LINT-52)
Warning: In design 'or1200_top', output port 'dbg_wp_o[5]' is connected directly to 'logic 0'. (LINT-52)
Warning: In design 'or1200_top', output port 'dbg_wp_o[4]' is connected directly to 'logic 0'. (LINT-52)
Warning: In design 'or1200_top', output port 'dbg_wp_o[3]' is connected directly to 'logic 0'. (LINT-52)
Warning: In design 'or1200_top', output port 'dbg_wp_o[2]' is connected directly to 'logic 0'. (LINT-52)
Warning: In design 'or1200_top', output port 'dbg_wp_o[1]' is connected directly to 'logic 0'. (LINT-52)
Warning: In design 'or1200_top', output port 'dbg_wp_o[0]' is connected directly to 'logic 0'. (LINT-52)
Warning: In design 'or1200_top', output port 'pm_clksd_o[3]' is connected directly to 'logic 0'. (LINT-52)
Warning: In design 'or1200_top', output port 'pm_clksd_o[2]' is connected directly to 'logic 0'. (LINT-52)
Warning: In design 'or1200_top', output port 'pm_clksd_o[1]' is connected directly to 'logic 0'. (LINT-52)
Warning: In design 'or1200_top', output port 'pm_clksd_o[0]' is connected directly to 'logic 0'. (LINT-52)
Warning: In design 'or1200_top', output port 'pm_dc_gate_o' is connected directly to 'logic 0'. (LINT-52)
Warning: In design 'or1200_top', output port 'pm_ic_gate_o' is connected directly to 'logic 0'. (LINT-52)
Warning: In design 'or1200_top', output port 'pm_dmmu_gate_o' is connected directly to 'logic 0'. (LINT-52)
Warning: In design 'or1200_top', output port 'pm_immu_gate_o' is connected directly to 'logic 0'. (LINT-52)
Warning: In design 'or1200_top', output port 'pm_tt_gate_o' is connected directly to 'logic 0'. (LINT-52)
Warning: In design 'or1200_top', output port 'pm_cpu_gate_o' is connected directly to 'logic 0'. (LINT-52)
Warning: In design 'or1200_top', output port 'pm_wakeup_o' is connected directly to 'logic 1'. (LINT-52)
Warning: In design 'or1200_top', output port 'pm_lvolt_o' is connected directly to 'logic 0'. (LINT-52)
1
