 
****************************************
Report : timing
        -path full
        -delay min
        -nworst 10
        -input_pins
        -nets
        -max_paths 10
        -capacitance
Design : fir_top
Version: M-2016.12-SP2
Date   : Tue Jul 10 11:57:42 2018
****************************************

 # A fanout number of 1000 was used for high fanout net computations.

Operating Conditions: ss_nominal_max_1p08v_125c   Library: sc9_cmos10lpe_base_hvt_ss_nominal_max_1p08v_125c
Wire Load Model Mode: top

  Startpoint: wb_rst_i (input port clocked by CLK)
  Endpoint: next_reg (rising edge-triggered flip-flop clocked by CLK)
  Path Group: CLK
  Path Type: min

  Point                        Fanout       Cap      Incr       Path
  ---------------------------------------------------------------------
  clock CLK (rise edge)                              0.00       0.00
  clock network delay (ideal)                        0.00       0.00
  input external delay                               0.00       0.00 r
  wb_rst_i (in)                                      0.00       0.00 r
  wb_rst_i (net)               547         0.76      0.00       0.00 r
  U11590/B1 (OAI22_X1M_A9TH)                         0.00       0.00 r
  U11590/Y (OAI22_X1M_A9TH)                          0.04       0.04 f
  n3936 (net)                    1         0.00      0.00       0.04 f
  next_reg/D (DFFQ_X1M_A9TH)                         0.00       0.04 f
  data arrival time                                             0.04

  clock CLK (rise edge)                              0.00       0.00
  clock network delay (ideal)                        0.00       0.00
  next_reg/CK (DFFQ_X1M_A9TH)                        0.00       0.00 r
  library hold time                                  0.02       0.02
  data required time                                            0.02
  ---------------------------------------------------------------------
  data required time                                            0.02
  data arrival time                                            -0.04
  ---------------------------------------------------------------------
  slack (MET)                                                   0.02


  Startpoint: wb_rst_i (input port clocked by CLK)
  Endpoint: data_In_write_reg
            (rising edge-triggered flip-flop clocked by CLK)
  Path Group: CLK
  Path Type: min

  Point                        Fanout       Cap      Incr       Path
  ---------------------------------------------------------------------
  clock CLK (rise edge)                              0.00       0.00
  clock network delay (ideal)                        0.00       0.00
  input external delay                               0.00       0.00 r
  wb_rst_i (in)                                      0.00       0.00 r
  wb_rst_i (net)               547         0.76      0.00       0.00 r
  U11593/B1 (OAI22_X1M_A9TH)                         0.00       0.00 r
  U11593/Y (OAI22_X1M_A9TH)                          0.04       0.04 f
  n3935 (net)                    1         0.00      0.00       0.04 f
  data_In_write_reg/D (DFFQ_X1M_A9TH)                0.00       0.04 f
  data arrival time                                             0.04

  clock CLK (rise edge)                              0.00       0.00
  clock network delay (ideal)                        0.00       0.00
  data_In_write_reg/CK (DFFQ_X1M_A9TH)               0.00       0.00 r
  library hold time                                  0.02       0.02
  data required time                                            0.02
  ---------------------------------------------------------------------
  data required time                                            0.02
  data arrival time                                            -0.04
  ---------------------------------------------------------------------
  slack (MET)                                                   0.02


  Startpoint: wb_rst_i (input port clocked by CLK)
  Endpoint: next_reg (rising edge-triggered flip-flop clocked by CLK)
  Path Group: CLK
  Path Type: min

  Point                        Fanout       Cap      Incr       Path
  ---------------------------------------------------------------------
  clock CLK (rise edge)                              0.00       0.00
  clock network delay (ideal)                        0.00       0.00
  input external delay                               0.00       0.00 r
  wb_rst_i (in)                                      0.00       0.00 r
  wb_rst_i (net)               547         0.76      0.00       0.00 r
  U11590/B1 (OAI22_X1M_A9TH)                         0.00       0.00 r
  U11590/Y (OAI22_X1M_A9TH)                          0.06       0.06 f
  n3936 (net)                    1         0.00      0.00       0.06 f
  next_reg/D (DFFQ_X1M_A9TH)                         0.00       0.06 f
  data arrival time                                             0.06

  clock CLK (rise edge)                              0.00       0.00
  clock network delay (ideal)                        0.00       0.00
  next_reg/CK (DFFQ_X1M_A9TH)                        0.00       0.00 r
  library hold time                                  0.02       0.02
  data required time                                            0.02
  ---------------------------------------------------------------------
  data required time                                            0.02
  data arrival time                                            -0.06
  ---------------------------------------------------------------------
  slack (MET)                                                   0.04


  Startpoint: wb_rst_i (input port clocked by CLK)
  Endpoint: data_In_write_reg
            (rising edge-triggered flip-flop clocked by CLK)
  Path Group: CLK
  Path Type: min

  Point                        Fanout       Cap      Incr       Path
  ---------------------------------------------------------------------
  clock CLK (rise edge)                              0.00       0.00
  clock network delay (ideal)                        0.00       0.00
  input external delay                               0.00       0.00 r
  wb_rst_i (in)                                      0.00       0.00 r
  wb_rst_i (net)               547         0.76      0.00       0.00 r
  U11593/B1 (OAI22_X1M_A9TH)                         0.00       0.00 r
  U11593/Y (OAI22_X1M_A9TH)                          0.06       0.06 f
  n3935 (net)                    1         0.00      0.00       0.06 f
  data_In_write_reg/D (DFFQ_X1M_A9TH)                0.00       0.06 f
  data arrival time                                             0.06

  clock CLK (rise edge)                              0.00       0.00
  clock network delay (ideal)                        0.00       0.00
  data_In_write_reg/CK (DFFQ_X1M_A9TH)               0.00       0.00 r
  library hold time                                  0.02       0.02
  data required time                                            0.02
  ---------------------------------------------------------------------
  data required time                                            0.02
  data arrival time                                            -0.06
  ---------------------------------------------------------------------
  slack (MET)                                                   0.04


  Startpoint: wb_rst_i (input port clocked by CLK)
  Endpoint: next_reg (rising edge-triggered flip-flop clocked by CLK)
  Path Group: CLK
  Path Type: min

  Point                        Fanout       Cap      Incr       Path
  ---------------------------------------------------------------------
  clock CLK (rise edge)                              0.00       0.00
  clock network delay (ideal)                        0.00       0.00
  input external delay                               0.00       0.00 r
  wb_rst_i (in)                                      0.00       0.00 r
  wb_rst_i (net)               547         0.76      0.00       0.00 r
  U11590/B1 (OAI22_X1M_A9TH)                         0.00       0.00 r
  U11590/Y (OAI22_X1M_A9TH)                          0.07       0.07 f
  n3936 (net)                    1         0.00      0.00       0.07 f
  next_reg/D (DFFQ_X1M_A9TH)                         0.00       0.07 f
  data arrival time                                             0.07

  clock CLK (rise edge)                              0.00       0.00
  clock network delay (ideal)                        0.00       0.00
  next_reg/CK (DFFQ_X1M_A9TH)                        0.00       0.00 r
  library hold time                                  0.02       0.02
  data required time                                            0.02
  ---------------------------------------------------------------------
  data required time                                            0.02
  data arrival time                                            -0.07
  ---------------------------------------------------------------------
  slack (MET)                                                   0.05


  Startpoint: wb_rst_i (input port clocked by CLK)
  Endpoint: data_In_write_reg
            (rising edge-triggered flip-flop clocked by CLK)
  Path Group: CLK
  Path Type: min

  Point                        Fanout       Cap      Incr       Path
  ---------------------------------------------------------------------
  clock CLK (rise edge)                              0.00       0.00
  clock network delay (ideal)                        0.00       0.00
  input external delay                               0.00       0.00 r
  wb_rst_i (in)                                      0.00       0.00 r
  wb_rst_i (net)               547         0.76      0.00       0.00 r
  U11593/B1 (OAI22_X1M_A9TH)                         0.00       0.00 r
  U11593/Y (OAI22_X1M_A9TH)                          0.07       0.07 f
  n3935 (net)                    1         0.00      0.00       0.07 f
  data_In_write_reg/D (DFFQ_X1M_A9TH)                0.00       0.07 f
  data arrival time                                             0.07

  clock CLK (rise edge)                              0.00       0.00
  clock network delay (ideal)                        0.00       0.00
  data_In_write_reg/CK (DFFQ_X1M_A9TH)               0.00       0.00 r
  library hold time                                  0.02       0.02
  data required time                                            0.02
  ---------------------------------------------------------------------
  data required time                                            0.02
  data arrival time                                            -0.07
  ---------------------------------------------------------------------
  slack (MET)                                                   0.05


  Startpoint: wb_dat_i[12]
              (input port clocked by CLK)
  Endpoint: data_In_data_reg_12_
            (rising edge-triggered flip-flop clocked by CLK)
  Path Group: CLK
  Path Type: min

  Point                                       Fanout       Cap      Incr       Path
  ------------------------------------------------------------------------------------
  clock CLK (rise edge)                                             0.00       0.00
  clock network delay (ideal)                                       0.00       0.00
  input external delay                                              0.00       0.00 f
  wb_dat_i[12] (in)                                                 0.00       0.00 f
  wb_dat_i[12] (net)                            3         0.00      0.00       0.00 f
  U11686/A (INV_X1B_A9TH)                                           0.00       0.00 f
  U11686/Y (INV_X1B_A9TH)                                           0.02       0.02 r
  n10211 (net)                                  1         0.00      0.00       0.02 r
  U11687/B0 (OAI22_X1M_A9TH)                                        0.00       0.02 r
  U11687/Y (OAI22_X1M_A9TH)                                         0.05       0.07 f
  n3883 (net)                                   1         0.00      0.00       0.07 f
  data_In_data_reg_12_/D (DFFQ_X1M_A9TH)                            0.00       0.07 f
  data arrival time                                                            0.07

  clock CLK (rise edge)                                             0.00       0.00
  clock network delay (ideal)                                       0.00       0.00
  data_In_data_reg_12_/CK (DFFQ_X1M_A9TH)                           0.00       0.00 r
  library hold time                                                 0.02       0.02
  data required time                                                           0.02
  ------------------------------------------------------------------------------------
  data required time                                                           0.02
  data arrival time                                                           -0.07
  ------------------------------------------------------------------------------------
  slack (MET)                                                                  0.06


  Startpoint: wb_dat_i[11]
              (input port clocked by CLK)
  Endpoint: data_In_data_reg_11_
            (rising edge-triggered flip-flop clocked by CLK)
  Path Group: CLK
  Path Type: min

  Point                                       Fanout       Cap      Incr       Path
  ------------------------------------------------------------------------------------
  clock CLK (rise edge)                                             0.00       0.00
  clock network delay (ideal)                                       0.00       0.00
  input external delay                                              0.00       0.00 f
  wb_dat_i[11] (in)                                                 0.00       0.00 f
  wb_dat_i[11] (net)                            3         0.00      0.00       0.00 f
  U11689/A (INV_X1B_A9TH)                                           0.00       0.00 f
  U11689/Y (INV_X1B_A9TH)                                           0.02       0.02 r
  n10213 (net)                                  1         0.00      0.00       0.02 r
  U11690/B0 (OAI22_X1M_A9TH)                                        0.00       0.02 r
  U11690/Y (OAI22_X1M_A9TH)                                         0.05       0.07 f
  n3882 (net)                                   1         0.00      0.00       0.07 f
  data_In_data_reg_11_/D (DFFQ_X1M_A9TH)                            0.00       0.07 f
  data arrival time                                                            0.07

  clock CLK (rise edge)                                             0.00       0.00
  clock network delay (ideal)                                       0.00       0.00
  data_In_data_reg_11_/CK (DFFQ_X1M_A9TH)                           0.00       0.00 r
  library hold time                                                 0.02       0.02
  data required time                                                           0.02
  ------------------------------------------------------------------------------------
  data required time                                                           0.02
  data arrival time                                                           -0.07
  ------------------------------------------------------------------------------------
  slack (MET)                                                                  0.06


  Startpoint: wb_dat_i[10]
              (input port clocked by CLK)
  Endpoint: data_In_data_reg_10_
            (rising edge-triggered flip-flop clocked by CLK)
  Path Group: CLK
  Path Type: min

  Point                                       Fanout       Cap      Incr       Path
  ------------------------------------------------------------------------------------
  clock CLK (rise edge)                                             0.00       0.00
  clock network delay (ideal)                                       0.00       0.00
  input external delay                                              0.00       0.00 f
  wb_dat_i[10] (in)                                                 0.00       0.00 f
  wb_dat_i[10] (net)                            3         0.00      0.00       0.00 f
  U11692/A (INV_X1B_A9TH)                                           0.00       0.00 f
  U11692/Y (INV_X1B_A9TH)                                           0.02       0.02 r
  n10215 (net)                                  1         0.00      0.00       0.02 r
  U11693/B0 (OAI22_X1M_A9TH)                                        0.00       0.02 r
  U11693/Y (OAI22_X1M_A9TH)                                         0.05       0.07 f
  n3881 (net)                                   1         0.00      0.00       0.07 f
  data_In_data_reg_10_/D (DFFQ_X1M_A9TH)                            0.00       0.07 f
  data arrival time                                                            0.07

  clock CLK (rise edge)                                             0.00       0.00
  clock network delay (ideal)                                       0.00       0.00
  data_In_data_reg_10_/CK (DFFQ_X1M_A9TH)                           0.00       0.00 r
  library hold time                                                 0.02       0.02
  data required time                                                           0.02
  ------------------------------------------------------------------------------------
  data required time                                                           0.02
  data arrival time                                                           -0.07
  ------------------------------------------------------------------------------------
  slack (MET)                                                                  0.06


  Startpoint: wb_dat_i[5]
              (input port clocked by CLK)
  Endpoint: data_In_data_reg_5_
            (rising edge-triggered flip-flop clocked by CLK)
  Path Group: CLK
  Path Type: min

  Point                                       Fanout       Cap      Incr       Path
  ------------------------------------------------------------------------------------
  clock CLK (rise edge)                                             0.00       0.00
  clock network delay (ideal)                                       0.00       0.00
  input external delay                                              0.00       0.00 f
  wb_dat_i[5] (in)                                                  0.00       0.00 f
  wb_dat_i[5] (net)                             3         0.00      0.00       0.00 f
  U11707/A (INV_X1B_A9TH)                                           0.00       0.00 f
  U11707/Y (INV_X1B_A9TH)                                           0.02       0.02 r
  n10225 (net)                                  1         0.00      0.00       0.02 r
  U11708/B0 (OAI22_X1M_A9TH)                                        0.00       0.02 r
  U11708/Y (OAI22_X1M_A9TH)                                         0.05       0.07 f
  n3876 (net)                                   1         0.00      0.00       0.07 f
  data_In_data_reg_5_/D (DFFQ_X1M_A9TH)                             0.00       0.07 f
  data arrival time                                                            0.07

  clock CLK (rise edge)                                             0.00       0.00
  clock network delay (ideal)                                       0.00       0.00
  data_In_data_reg_5_/CK (DFFQ_X1M_A9TH)                            0.00       0.00 r
  library hold time                                                 0.02       0.02
  data required time                                                           0.02
  ------------------------------------------------------------------------------------
  data required time                                                           0.02
  data arrival time                                                           -0.07
  ------------------------------------------------------------------------------------
  slack (MET)                                                                  0.06


1
