 
****************************************
check_design summary:
Version:     M-2016.12-SP2
Date:        Wed Jul  4 09:43:56 2018
****************************************

                   Name                                            Total
--------------------------------------------------------------------------------
Inputs/Outputs                                                    418
    Unconnected ports (LINT-28)                                    35
    Feedthrough (LINT-29)                                         190
    Shorted outputs (LINT-31)                                     193
--------------------------------------------------------------------------------

Warning: In design 'arbiter_bytebus', port 'wbm0_sel_o[0]' is not connected to any nets. (LINT-28)
Warning: In design 'arbiter_bytebus', port 'wbm0_cyc_o' is not connected to any nets. (LINT-28)
Warning: In design 'arbiter_bytebus', port 'wbs1_dat_o[7]' is not connected to any nets. (LINT-28)
Warning: In design 'arbiter_bytebus', port 'wbs1_dat_o[6]' is not connected to any nets. (LINT-28)
Warning: In design 'arbiter_bytebus', port 'wbs1_dat_o[5]' is not connected to any nets. (LINT-28)
Warning: In design 'arbiter_bytebus', port 'wbs1_dat_o[4]' is not connected to any nets. (LINT-28)
Warning: In design 'arbiter_bytebus', port 'wbs1_dat_o[3]' is not connected to any nets. (LINT-28)
Warning: In design 'arbiter_bytebus', port 'wbs1_dat_o[2]' is not connected to any nets. (LINT-28)
Warning: In design 'arbiter_bytebus', port 'wbs1_dat_o[1]' is not connected to any nets. (LINT-28)
Warning: In design 'arbiter_bytebus', port 'wbs1_dat_o[0]' is not connected to any nets. (LINT-28)
Warning: In design 'arbiter_bytebus', port 'wbs2_dat_o[7]' is not connected to any nets. (LINT-28)
Warning: In design 'arbiter_bytebus', port 'wbs2_dat_o[6]' is not connected to any nets. (LINT-28)
Warning: In design 'arbiter_bytebus', port 'wbs2_dat_o[5]' is not connected to any nets. (LINT-28)
Warning: In design 'arbiter_bytebus', port 'wbs2_dat_o[4]' is not connected to any nets. (LINT-28)
Warning: In design 'arbiter_bytebus', port 'wbs2_dat_o[3]' is not connected to any nets. (LINT-28)
Warning: In design 'arbiter_bytebus', port 'wbs2_dat_o[2]' is not connected to any nets. (LINT-28)
Warning: In design 'arbiter_bytebus', port 'wbs2_dat_o[1]' is not connected to any nets. (LINT-28)
Warning: In design 'arbiter_bytebus', port 'wbs2_dat_o[0]' is not connected to any nets. (LINT-28)
Warning: In design 'arbiter_bytebus', port 'wbs3_dat_o[7]' is not connected to any nets. (LINT-28)
Warning: In design 'arbiter_bytebus', port 'wbs3_dat_o[6]' is not connected to any nets. (LINT-28)
Warning: In design 'arbiter_bytebus', port 'wbs3_dat_o[5]' is not connected to any nets. (LINT-28)
Warning: In design 'arbiter_bytebus', port 'wbs3_dat_o[4]' is not connected to any nets. (LINT-28)
Warning: In design 'arbiter_bytebus', port 'wbs3_dat_o[3]' is not connected to any nets. (LINT-28)
Warning: In design 'arbiter_bytebus', port 'wbs3_dat_o[2]' is not connected to any nets. (LINT-28)
Warning: In design 'arbiter_bytebus', port 'wbs3_dat_o[1]' is not connected to any nets. (LINT-28)
Warning: In design 'arbiter_bytebus', port 'wbs3_dat_o[0]' is not connected to any nets. (LINT-28)
Warning: In design 'arbiter_bytebus', port 'wbs4_dat_o[7]' is not connected to any nets. (LINT-28)
Warning: In design 'arbiter_bytebus', port 'wbs4_dat_o[6]' is not connected to any nets. (LINT-28)
Warning: In design 'arbiter_bytebus', port 'wbs4_dat_o[5]' is not connected to any nets. (LINT-28)
Warning: In design 'arbiter_bytebus', port 'wbs4_dat_o[4]' is not connected to any nets. (LINT-28)
Warning: In design 'arbiter_bytebus', port 'wbs4_dat_o[3]' is not connected to any nets. (LINT-28)
Warning: In design 'arbiter_bytebus', port 'wbs4_dat_o[2]' is not connected to any nets. (LINT-28)
Warning: In design 'arbiter_bytebus', port 'wbs4_dat_o[1]' is not connected to any nets. (LINT-28)
Warning: In design 'arbiter_bytebus', port 'wbs4_dat_o[0]' is not connected to any nets. (LINT-28)
Warning: In design 'arbiter_bytebus', port 'wb_rst' is not connected to any nets. (LINT-28)
Warning: In design 'arbiter_bytebus', input port 'wbm0_adr_o[31]' is connected directly to output port 'wbs4_adr_i[31]'. (LINT-29)
Warning: In design 'arbiter_bytebus', input port 'wbm0_adr_o[31]' is connected directly to output port 'wbs3_adr_i[31]'. (LINT-29)
Warning: In design 'arbiter_bytebus', input port 'wbm0_adr_o[31]' is connected directly to output port 'wbs2_adr_i[31]'. (LINT-29)
Warning: In design 'arbiter_bytebus', input port 'wbm0_adr_o[31]' is connected directly to output port 'wbs1_adr_i[31]'. (LINT-29)
Warning: In design 'arbiter_bytebus', input port 'wbm0_adr_o[31]' is connected directly to output port 'wbs0_adr_i[31]'. (LINT-29)
Warning: In design 'arbiter_bytebus', input port 'wbm0_adr_o[30]' is connected directly to output port 'wbs4_adr_i[30]'. (LINT-29)
Warning: In design 'arbiter_bytebus', input port 'wbm0_adr_o[30]' is connected directly to output port 'wbs3_adr_i[30]'. (LINT-29)
Warning: In design 'arbiter_bytebus', input port 'wbm0_adr_o[30]' is connected directly to output port 'wbs2_adr_i[30]'. (LINT-29)
Warning: In design 'arbiter_bytebus', input port 'wbm0_adr_o[30]' is connected directly to output port 'wbs1_adr_i[30]'. (LINT-29)
Warning: In design 'arbiter_bytebus', input port 'wbm0_adr_o[30]' is connected directly to output port 'wbs0_adr_i[30]'. (LINT-29)
Warning: In design 'arbiter_bytebus', input port 'wbm0_adr_o[29]' is connected directly to output port 'wbs4_adr_i[29]'. (LINT-29)
Warning: In design 'arbiter_bytebus', input port 'wbm0_adr_o[29]' is connected directly to output port 'wbs3_adr_i[29]'. (LINT-29)
Warning: In design 'arbiter_bytebus', input port 'wbm0_adr_o[29]' is connected directly to output port 'wbs2_adr_i[29]'. (LINT-29)
Warning: In design 'arbiter_bytebus', input port 'wbm0_adr_o[29]' is connected directly to output port 'wbs1_adr_i[29]'. (LINT-29)
Warning: In design 'arbiter_bytebus', input port 'wbm0_adr_o[29]' is connected directly to output port 'wbs0_adr_i[29]'. (LINT-29)
Warning: In design 'arbiter_bytebus', input port 'wbm0_adr_o[28]' is connected directly to output port 'wbs4_adr_i[28]'. (LINT-29)
Warning: In design 'arbiter_bytebus', input port 'wbm0_adr_o[28]' is connected directly to output port 'wbs3_adr_i[28]'. (LINT-29)
Warning: In design 'arbiter_bytebus', input port 'wbm0_adr_o[28]' is connected directly to output port 'wbs2_adr_i[28]'. (LINT-29)
Warning: In design 'arbiter_bytebus', input port 'wbm0_adr_o[28]' is connected directly to output port 'wbs1_adr_i[28]'. (LINT-29)
Warning: In design 'arbiter_bytebus', input port 'wbm0_adr_o[28]' is connected directly to output port 'wbs0_adr_i[28]'. (LINT-29)
Warning: In design 'arbiter_bytebus', input port 'wbm0_adr_o[27]' is connected directly to output port 'wbs4_adr_i[27]'. (LINT-29)
Warning: In design 'arbiter_bytebus', input port 'wbm0_adr_o[27]' is connected directly to output port 'wbs3_adr_i[27]'. (LINT-29)
Warning: In design 'arbiter_bytebus', input port 'wbm0_adr_o[27]' is connected directly to output port 'wbs2_adr_i[27]'. (LINT-29)
Warning: In design 'arbiter_bytebus', input port 'wbm0_adr_o[27]' is connected directly to output port 'wbs1_adr_i[27]'. (LINT-29)
Warning: In design 'arbiter_bytebus', input port 'wbm0_adr_o[27]' is connected directly to output port 'wbs0_adr_i[27]'. (LINT-29)
Warning: In design 'arbiter_bytebus', input port 'wbm0_adr_o[26]' is connected directly to output port 'wbs4_adr_i[26]'. (LINT-29)
Warning: In design 'arbiter_bytebus', input port 'wbm0_adr_o[26]' is connected directly to output port 'wbs3_adr_i[26]'. (LINT-29)
Warning: In design 'arbiter_bytebus', input port 'wbm0_adr_o[26]' is connected directly to output port 'wbs2_adr_i[26]'. (LINT-29)
Warning: In design 'arbiter_bytebus', input port 'wbm0_adr_o[26]' is connected directly to output port 'wbs1_adr_i[26]'. (LINT-29)
Warning: In design 'arbiter_bytebus', input port 'wbm0_adr_o[26]' is connected directly to output port 'wbs0_adr_i[26]'. (LINT-29)
Warning: In design 'arbiter_bytebus', input port 'wbm0_adr_o[25]' is connected directly to output port 'wbs4_adr_i[25]'. (LINT-29)
Warning: In design 'arbiter_bytebus', input port 'wbm0_adr_o[25]' is connected directly to output port 'wbs3_adr_i[25]'. (LINT-29)
Warning: In design 'arbiter_bytebus', input port 'wbm0_adr_o[25]' is connected directly to output port 'wbs2_adr_i[25]'. (LINT-29)
Warning: In design 'arbiter_bytebus', input port 'wbm0_adr_o[25]' is connected directly to output port 'wbs1_adr_i[25]'. (LINT-29)
Warning: In design 'arbiter_bytebus', input port 'wbm0_adr_o[25]' is connected directly to output port 'wbs0_adr_i[25]'. (LINT-29)
Warning: In design 'arbiter_bytebus', input port 'wbm0_adr_o[24]' is connected directly to output port 'wbs4_adr_i[24]'. (LINT-29)
Warning: In design 'arbiter_bytebus', input port 'wbm0_adr_o[24]' is connected directly to output port 'wbs3_adr_i[24]'. (LINT-29)
Warning: In design 'arbiter_bytebus', input port 'wbm0_adr_o[24]' is connected directly to output port 'wbs2_adr_i[24]'. (LINT-29)
Warning: In design 'arbiter_bytebus', input port 'wbm0_adr_o[24]' is connected directly to output port 'wbs1_adr_i[24]'. (LINT-29)
Warning: In design 'arbiter_bytebus', input port 'wbm0_adr_o[24]' is connected directly to output port 'wbs0_adr_i[24]'. (LINT-29)
Warning: In design 'arbiter_bytebus', input port 'wbm0_adr_o[23]' is connected directly to output port 'wbs4_adr_i[23]'. (LINT-29)
Warning: In design 'arbiter_bytebus', input port 'wbm0_adr_o[23]' is connected directly to output port 'wbs3_adr_i[23]'. (LINT-29)
Warning: In design 'arbiter_bytebus', input port 'wbm0_adr_o[23]' is connected directly to output port 'wbs2_adr_i[23]'. (LINT-29)
Warning: In design 'arbiter_bytebus', input port 'wbm0_adr_o[23]' is connected directly to output port 'wbs1_adr_i[23]'. (LINT-29)
Warning: In design 'arbiter_bytebus', input port 'wbm0_adr_o[23]' is connected directly to output port 'wbs0_adr_i[23]'. (LINT-29)
Warning: In design 'arbiter_bytebus', input port 'wbm0_adr_o[22]' is connected directly to output port 'wbs4_adr_i[22]'. (LINT-29)
Warning: In design 'arbiter_bytebus', input port 'wbm0_adr_o[22]' is connected directly to output port 'wbs3_adr_i[22]'. (LINT-29)
Warning: In design 'arbiter_bytebus', input port 'wbm0_adr_o[22]' is connected directly to output port 'wbs2_adr_i[22]'. (LINT-29)
Warning: In design 'arbiter_bytebus', input port 'wbm0_adr_o[22]' is connected directly to output port 'wbs1_adr_i[22]'. (LINT-29)
Warning: In design 'arbiter_bytebus', input port 'wbm0_adr_o[22]' is connected directly to output port 'wbs0_adr_i[22]'. (LINT-29)
Warning: In design 'arbiter_bytebus', input port 'wbm0_adr_o[21]' is connected directly to output port 'wbs4_adr_i[21]'. (LINT-29)
Warning: In design 'arbiter_bytebus', input port 'wbm0_adr_o[21]' is connected directly to output port 'wbs3_adr_i[21]'. (LINT-29)
Warning: In design 'arbiter_bytebus', input port 'wbm0_adr_o[21]' is connected directly to output port 'wbs2_adr_i[21]'. (LINT-29)
Warning: In design 'arbiter_bytebus', input port 'wbm0_adr_o[21]' is connected directly to output port 'wbs1_adr_i[21]'. (LINT-29)
Warning: In design 'arbiter_bytebus', input port 'wbm0_adr_o[21]' is connected directly to output port 'wbs0_adr_i[21]'. (LINT-29)
Warning: In design 'arbiter_bytebus', input port 'wbm0_adr_o[20]' is connected directly to output port 'wbs4_adr_i[20]'. (LINT-29)
Warning: In design 'arbiter_bytebus', input port 'wbm0_adr_o[20]' is connected directly to output port 'wbs3_adr_i[20]'. (LINT-29)
Warning: In design 'arbiter_bytebus', input port 'wbm0_adr_o[20]' is connected directly to output port 'wbs2_adr_i[20]'. (LINT-29)
Warning: In design 'arbiter_bytebus', input port 'wbm0_adr_o[20]' is connected directly to output port 'wbs1_adr_i[20]'. (LINT-29)
Warning: In design 'arbiter_bytebus', input port 'wbm0_adr_o[20]' is connected directly to output port 'wbs0_adr_i[20]'. (LINT-29)
Warning: In design 'arbiter_bytebus', input port 'wbm0_adr_o[19]' is connected directly to output port 'wbs4_adr_i[19]'. (LINT-29)
Warning: In design 'arbiter_bytebus', input port 'wbm0_adr_o[19]' is connected directly to output port 'wbs3_adr_i[19]'. (LINT-29)
Warning: In design 'arbiter_bytebus', input port 'wbm0_adr_o[19]' is connected directly to output port 'wbs2_adr_i[19]'. (LINT-29)
Warning: In design 'arbiter_bytebus', input port 'wbm0_adr_o[19]' is connected directly to output port 'wbs1_adr_i[19]'. (LINT-29)
Warning: In design 'arbiter_bytebus', input port 'wbm0_adr_o[19]' is connected directly to output port 'wbs0_adr_i[19]'. (LINT-29)
Warning: In design 'arbiter_bytebus', input port 'wbm0_adr_o[18]' is connected directly to output port 'wbs4_adr_i[18]'. (LINT-29)
Warning: In design 'arbiter_bytebus', input port 'wbm0_adr_o[18]' is connected directly to output port 'wbs3_adr_i[18]'. (LINT-29)
Warning: In design 'arbiter_bytebus', input port 'wbm0_adr_o[18]' is connected directly to output port 'wbs2_adr_i[18]'. (LINT-29)
Warning: In design 'arbiter_bytebus', input port 'wbm0_adr_o[18]' is connected directly to output port 'wbs1_adr_i[18]'. (LINT-29)
Warning: In design 'arbiter_bytebus', input port 'wbm0_adr_o[18]' is connected directly to output port 'wbs0_adr_i[18]'. (LINT-29)
Warning: In design 'arbiter_bytebus', input port 'wbm0_adr_o[17]' is connected directly to output port 'wbs4_adr_i[17]'. (LINT-29)
Warning: In design 'arbiter_bytebus', input port 'wbm0_adr_o[17]' is connected directly to output port 'wbs3_adr_i[17]'. (LINT-29)
Warning: In design 'arbiter_bytebus', input port 'wbm0_adr_o[17]' is connected directly to output port 'wbs2_adr_i[17]'. (LINT-29)
Warning: In design 'arbiter_bytebus', input port 'wbm0_adr_o[17]' is connected directly to output port 'wbs1_adr_i[17]'. (LINT-29)
Warning: In design 'arbiter_bytebus', input port 'wbm0_adr_o[17]' is connected directly to output port 'wbs0_adr_i[17]'. (LINT-29)
Warning: In design 'arbiter_bytebus', input port 'wbm0_adr_o[16]' is connected directly to output port 'wbs4_adr_i[16]'. (LINT-29)
Warning: In design 'arbiter_bytebus', input port 'wbm0_adr_o[16]' is connected directly to output port 'wbs3_adr_i[16]'. (LINT-29)
Warning: In design 'arbiter_bytebus', input port 'wbm0_adr_o[16]' is connected directly to output port 'wbs2_adr_i[16]'. (LINT-29)
Warning: In design 'arbiter_bytebus', input port 'wbm0_adr_o[16]' is connected directly to output port 'wbs1_adr_i[16]'. (LINT-29)
Warning: In design 'arbiter_bytebus', input port 'wbm0_adr_o[16]' is connected directly to output port 'wbs0_adr_i[16]'. (LINT-29)
Warning: In design 'arbiter_bytebus', input port 'wbm0_adr_o[15]' is connected directly to output port 'wbs4_adr_i[15]'. (LINT-29)
Warning: In design 'arbiter_bytebus', input port 'wbm0_adr_o[15]' is connected directly to output port 'wbs3_adr_i[15]'. (LINT-29)
Warning: In design 'arbiter_bytebus', input port 'wbm0_adr_o[15]' is connected directly to output port 'wbs2_adr_i[15]'. (LINT-29)
Warning: In design 'arbiter_bytebus', input port 'wbm0_adr_o[15]' is connected directly to output port 'wbs1_adr_i[15]'. (LINT-29)
Warning: In design 'arbiter_bytebus', input port 'wbm0_adr_o[15]' is connected directly to output port 'wbs0_adr_i[15]'. (LINT-29)
Warning: In design 'arbiter_bytebus', input port 'wbm0_adr_o[14]' is connected directly to output port 'wbs4_adr_i[14]'. (LINT-29)
Warning: In design 'arbiter_bytebus', input port 'wbm0_adr_o[14]' is connected directly to output port 'wbs3_adr_i[14]'. (LINT-29)
Warning: In design 'arbiter_bytebus', input port 'wbm0_adr_o[14]' is connected directly to output port 'wbs2_adr_i[14]'. (LINT-29)
Warning: In design 'arbiter_bytebus', input port 'wbm0_adr_o[14]' is connected directly to output port 'wbs1_adr_i[14]'. (LINT-29)
Warning: In design 'arbiter_bytebus', input port 'wbm0_adr_o[14]' is connected directly to output port 'wbs0_adr_i[14]'. (LINT-29)
Warning: In design 'arbiter_bytebus', input port 'wbm0_adr_o[13]' is connected directly to output port 'wbs4_adr_i[13]'. (LINT-29)
Warning: In design 'arbiter_bytebus', input port 'wbm0_adr_o[13]' is connected directly to output port 'wbs3_adr_i[13]'. (LINT-29)
Warning: In design 'arbiter_bytebus', input port 'wbm0_adr_o[13]' is connected directly to output port 'wbs2_adr_i[13]'. (LINT-29)
Warning: In design 'arbiter_bytebus', input port 'wbm0_adr_o[13]' is connected directly to output port 'wbs1_adr_i[13]'. (LINT-29)
Warning: In design 'arbiter_bytebus', input port 'wbm0_adr_o[13]' is connected directly to output port 'wbs0_adr_i[13]'. (LINT-29)
Warning: In design 'arbiter_bytebus', input port 'wbm0_adr_o[12]' is connected directly to output port 'wbs4_adr_i[12]'. (LINT-29)
Warning: In design 'arbiter_bytebus', input port 'wbm0_adr_o[12]' is connected directly to output port 'wbs3_adr_i[12]'. (LINT-29)
Warning: In design 'arbiter_bytebus', input port 'wbm0_adr_o[12]' is connected directly to output port 'wbs2_adr_i[12]'. (LINT-29)
Warning: In design 'arbiter_bytebus', input port 'wbm0_adr_o[12]' is connected directly to output port 'wbs1_adr_i[12]'. (LINT-29)
Warning: In design 'arbiter_bytebus', input port 'wbm0_adr_o[12]' is connected directly to output port 'wbs0_adr_i[12]'. (LINT-29)
Warning: In design 'arbiter_bytebus', input port 'wbm0_adr_o[11]' is connected directly to output port 'wbs4_adr_i[11]'. (LINT-29)
Warning: In design 'arbiter_bytebus', input port 'wbm0_adr_o[11]' is connected directly to output port 'wbs3_adr_i[11]'. (LINT-29)
Warning: In design 'arbiter_bytebus', input port 'wbm0_adr_o[11]' is connected directly to output port 'wbs2_adr_i[11]'. (LINT-29)
Warning: In design 'arbiter_bytebus', input port 'wbm0_adr_o[11]' is connected directly to output port 'wbs1_adr_i[11]'. (LINT-29)
Warning: In design 'arbiter_bytebus', input port 'wbm0_adr_o[11]' is connected directly to output port 'wbs0_adr_i[11]'. (LINT-29)
Warning: In design 'arbiter_bytebus', input port 'wbm0_adr_o[10]' is connected directly to output port 'wbs4_adr_i[10]'. (LINT-29)
Warning: In design 'arbiter_bytebus', input port 'wbm0_adr_o[10]' is connected directly to output port 'wbs3_adr_i[10]'. (LINT-29)
Warning: In design 'arbiter_bytebus', input port 'wbm0_adr_o[10]' is connected directly to output port 'wbs2_adr_i[10]'. (LINT-29)
Warning: In design 'arbiter_bytebus', input port 'wbm0_adr_o[10]' is connected directly to output port 'wbs1_adr_i[10]'. (LINT-29)
Warning: In design 'arbiter_bytebus', input port 'wbm0_adr_o[10]' is connected directly to output port 'wbs0_adr_i[10]'. (LINT-29)
Warning: In design 'arbiter_bytebus', input port 'wbm0_adr_o[9]' is connected directly to output port 'wbs4_adr_i[9]'. (LINT-29)
Warning: In design 'arbiter_bytebus', input port 'wbm0_adr_o[9]' is connected directly to output port 'wbs3_adr_i[9]'. (LINT-29)
Warning: In design 'arbiter_bytebus', input port 'wbm0_adr_o[9]' is connected directly to output port 'wbs2_adr_i[9]'. (LINT-29)
Warning: In design 'arbiter_bytebus', input port 'wbm0_adr_o[9]' is connected directly to output port 'wbs1_adr_i[9]'. (LINT-29)
Warning: In design 'arbiter_bytebus', input port 'wbm0_adr_o[9]' is connected directly to output port 'wbs0_adr_i[9]'. (LINT-29)
Warning: In design 'arbiter_bytebus', input port 'wbm0_adr_o[8]' is connected directly to output port 'wbs4_adr_i[8]'. (LINT-29)
Warning: In design 'arbiter_bytebus', input port 'wbm0_adr_o[8]' is connected directly to output port 'wbs3_adr_i[8]'. (LINT-29)
Warning: In design 'arbiter_bytebus', input port 'wbm0_adr_o[8]' is connected directly to output port 'wbs2_adr_i[8]'. (LINT-29)
Warning: In design 'arbiter_bytebus', input port 'wbm0_adr_o[8]' is connected directly to output port 'wbs1_adr_i[8]'. (LINT-29)
Warning: In design 'arbiter_bytebus', input port 'wbm0_adr_o[8]' is connected directly to output port 'wbs0_adr_i[8]'. (LINT-29)
Warning: In design 'arbiter_bytebus', input port 'wbm0_adr_o[7]' is connected directly to output port 'wbs4_adr_i[7]'. (LINT-29)
Warning: In design 'arbiter_bytebus', input port 'wbm0_adr_o[7]' is connected directly to output port 'wbs3_adr_i[7]'. (LINT-29)
Warning: In design 'arbiter_bytebus', input port 'wbm0_adr_o[7]' is connected directly to output port 'wbs2_adr_i[7]'. (LINT-29)
Warning: In design 'arbiter_bytebus', input port 'wbm0_adr_o[7]' is connected directly to output port 'wbs1_adr_i[7]'. (LINT-29)
Warning: In design 'arbiter_bytebus', input port 'wbm0_adr_o[7]' is connected directly to output port 'wbs0_adr_i[7]'. (LINT-29)
Warning: In design 'arbiter_bytebus', input port 'wbm0_adr_o[6]' is connected directly to output port 'wbs4_adr_i[6]'. (LINT-29)
Warning: In design 'arbiter_bytebus', input port 'wbm0_adr_o[6]' is connected directly to output port 'wbs3_adr_i[6]'. (LINT-29)
Warning: In design 'arbiter_bytebus', input port 'wbm0_adr_o[6]' is connected directly to output port 'wbs2_adr_i[6]'. (LINT-29)
Warning: In design 'arbiter_bytebus', input port 'wbm0_adr_o[6]' is connected directly to output port 'wbs1_adr_i[6]'. (LINT-29)
Warning: In design 'arbiter_bytebus', input port 'wbm0_adr_o[6]' is connected directly to output port 'wbs0_adr_i[6]'. (LINT-29)
Warning: In design 'arbiter_bytebus', input port 'wbm0_adr_o[5]' is connected directly to output port 'wbs4_adr_i[5]'. (LINT-29)
Warning: In design 'arbiter_bytebus', input port 'wbm0_adr_o[5]' is connected directly to output port 'wbs3_adr_i[5]'. (LINT-29)
Warning: In design 'arbiter_bytebus', input port 'wbm0_adr_o[5]' is connected directly to output port 'wbs2_adr_i[5]'. (LINT-29)
Warning: In design 'arbiter_bytebus', input port 'wbm0_adr_o[5]' is connected directly to output port 'wbs1_adr_i[5]'. (LINT-29)
Warning: In design 'arbiter_bytebus', input port 'wbm0_adr_o[5]' is connected directly to output port 'wbs0_adr_i[5]'. (LINT-29)
Warning: In design 'arbiter_bytebus', input port 'wbm0_adr_o[4]' is connected directly to output port 'wbs4_adr_i[4]'. (LINT-29)
Warning: In design 'arbiter_bytebus', input port 'wbm0_adr_o[4]' is connected directly to output port 'wbs3_adr_i[4]'. (LINT-29)
Warning: In design 'arbiter_bytebus', input port 'wbm0_adr_o[4]' is connected directly to output port 'wbs2_adr_i[4]'. (LINT-29)
Warning: In design 'arbiter_bytebus', input port 'wbm0_adr_o[4]' is connected directly to output port 'wbs1_adr_i[4]'. (LINT-29)
Warning: In design 'arbiter_bytebus', input port 'wbm0_adr_o[4]' is connected directly to output port 'wbs0_adr_i[4]'. (LINT-29)
Warning: In design 'arbiter_bytebus', input port 'wbm0_adr_o[3]' is connected directly to output port 'wbs4_adr_i[3]'. (LINT-29)
Warning: In design 'arbiter_bytebus', input port 'wbm0_adr_o[3]' is connected directly to output port 'wbs3_adr_i[3]'. (LINT-29)
Warning: In design 'arbiter_bytebus', input port 'wbm0_adr_o[3]' is connected directly to output port 'wbs2_adr_i[3]'. (LINT-29)
Warning: In design 'arbiter_bytebus', input port 'wbm0_adr_o[3]' is connected directly to output port 'wbs1_adr_i[3]'. (LINT-29)
Warning: In design 'arbiter_bytebus', input port 'wbm0_adr_o[3]' is connected directly to output port 'wbs0_adr_i[3]'. (LINT-29)
Warning: In design 'arbiter_bytebus', input port 'wbm0_adr_o[2]' is connected directly to output port 'wbs4_adr_i[2]'. (LINT-29)
Warning: In design 'arbiter_bytebus', input port 'wbm0_adr_o[2]' is connected directly to output port 'wbs3_adr_i[2]'. (LINT-29)
Warning: In design 'arbiter_bytebus', input port 'wbm0_adr_o[2]' is connected directly to output port 'wbs2_adr_i[2]'. (LINT-29)
Warning: In design 'arbiter_bytebus', input port 'wbm0_adr_o[2]' is connected directly to output port 'wbs1_adr_i[2]'. (LINT-29)
Warning: In design 'arbiter_bytebus', input port 'wbm0_adr_o[2]' is connected directly to output port 'wbs0_adr_i[2]'. (LINT-29)
Warning: In design 'arbiter_bytebus', input port 'wbm0_adr_o[1]' is connected directly to output port 'wbs4_adr_i[1]'. (LINT-29)
Warning: In design 'arbiter_bytebus', input port 'wbm0_adr_o[1]' is connected directly to output port 'wbs3_adr_i[1]'. (LINT-29)
Warning: In design 'arbiter_bytebus', input port 'wbm0_adr_o[1]' is connected directly to output port 'wbs2_adr_i[1]'. (LINT-29)
Warning: In design 'arbiter_bytebus', input port 'wbm0_adr_o[1]' is connected directly to output port 'wbs1_adr_i[1]'. (LINT-29)
Warning: In design 'arbiter_bytebus', input port 'wbm0_adr_o[1]' is connected directly to output port 'wbs0_adr_i[1]'. (LINT-29)
Warning: In design 'arbiter_bytebus', input port 'wbm0_adr_o[0]' is connected directly to output port 'wbs4_adr_i[0]'. (LINT-29)
Warning: In design 'arbiter_bytebus', input port 'wbm0_adr_o[0]' is connected directly to output port 'wbs3_adr_i[0]'. (LINT-29)
Warning: In design 'arbiter_bytebus', input port 'wbm0_adr_o[0]' is connected directly to output port 'wbs2_adr_i[0]'. (LINT-29)
Warning: In design 'arbiter_bytebus', input port 'wbm0_adr_o[0]' is connected directly to output port 'wbs1_adr_i[0]'. (LINT-29)
Warning: In design 'arbiter_bytebus', input port 'wbm0_adr_o[0]' is connected directly to output port 'wbs0_adr_i[0]'. (LINT-29)
Warning: In design 'arbiter_bytebus', input port 'wbm0_we_o' is connected directly to output port 'wbs4_we_i'. (LINT-29)
Warning: In design 'arbiter_bytebus', input port 'wbm0_we_o' is connected directly to output port 'wbs3_we_i'. (LINT-29)
Warning: In design 'arbiter_bytebus', input port 'wbm0_we_o' is connected directly to output port 'wbs2_we_i'. (LINT-29)
Warning: In design 'arbiter_bytebus', input port 'wbm0_we_o' is connected directly to output port 'wbs1_we_i'. (LINT-29)
Warning: In design 'arbiter_bytebus', input port 'wbm0_we_o' is connected directly to output port 'wbs0_we_i'. (LINT-29)
Warning: In design 'arbiter_bytebus', input port 'wbm0_cti_o[2]' is connected directly to output port 'wbs4_cti_i[2]'. (LINT-29)
Warning: In design 'arbiter_bytebus', input port 'wbm0_cti_o[2]' is connected directly to output port 'wbs3_cti_i[2]'. (LINT-29)
Warning: In design 'arbiter_bytebus', input port 'wbm0_cti_o[2]' is connected directly to output port 'wbs2_cti_i[2]'. (LINT-29)
Warning: In design 'arbiter_bytebus', input port 'wbm0_cti_o[2]' is connected directly to output port 'wbs1_cti_i[2]'. (LINT-29)
Warning: In design 'arbiter_bytebus', input port 'wbm0_cti_o[2]' is connected directly to output port 'wbs0_cti_i[2]'. (LINT-29)
Warning: In design 'arbiter_bytebus', input port 'wbm0_cti_o[1]' is connected directly to output port 'wbs4_cti_i[1]'. (LINT-29)
Warning: In design 'arbiter_bytebus', input port 'wbm0_cti_o[1]' is connected directly to output port 'wbs3_cti_i[1]'. (LINT-29)
Warning: In design 'arbiter_bytebus', input port 'wbm0_cti_o[1]' is connected directly to output port 'wbs2_cti_i[1]'. (LINT-29)
Warning: In design 'arbiter_bytebus', input port 'wbm0_cti_o[1]' is connected directly to output port 'wbs1_cti_i[1]'. (LINT-29)
Warning: In design 'arbiter_bytebus', input port 'wbm0_cti_o[1]' is connected directly to output port 'wbs0_cti_i[1]'. (LINT-29)
Warning: In design 'arbiter_bytebus', input port 'wbm0_cti_o[0]' is connected directly to output port 'wbs4_cti_i[0]'. (LINT-29)
Warning: In design 'arbiter_bytebus', input port 'wbm0_cti_o[0]' is connected directly to output port 'wbs3_cti_i[0]'. (LINT-29)
Warning: In design 'arbiter_bytebus', input port 'wbm0_cti_o[0]' is connected directly to output port 'wbs2_cti_i[0]'. (LINT-29)
Warning: In design 'arbiter_bytebus', input port 'wbm0_cti_o[0]' is connected directly to output port 'wbs1_cti_i[0]'. (LINT-29)
Warning: In design 'arbiter_bytebus', input port 'wbm0_cti_o[0]' is connected directly to output port 'wbs0_cti_i[0]'. (LINT-29)
Warning: In design 'arbiter_bytebus', input port 'wbm0_bte_o[1]' is connected directly to output port 'wbs4_bte_i[1]'. (LINT-29)
Warning: In design 'arbiter_bytebus', input port 'wbm0_bte_o[1]' is connected directly to output port 'wbs3_bte_i[1]'. (LINT-29)
Warning: In design 'arbiter_bytebus', input port 'wbm0_bte_o[1]' is connected directly to output port 'wbs2_bte_i[1]'. (LINT-29)
Warning: In design 'arbiter_bytebus', input port 'wbm0_bte_o[1]' is connected directly to output port 'wbs1_bte_i[1]'. (LINT-29)
Warning: In design 'arbiter_bytebus', input port 'wbm0_bte_o[1]' is connected directly to output port 'wbs0_bte_i[1]'. (LINT-29)
Warning: In design 'arbiter_bytebus', input port 'wbm0_bte_o[0]' is connected directly to output port 'wbs4_bte_i[0]'. (LINT-29)
Warning: In design 'arbiter_bytebus', input port 'wbm0_bte_o[0]' is connected directly to output port 'wbs3_bte_i[0]'. (LINT-29)
Warning: In design 'arbiter_bytebus', input port 'wbm0_bte_o[0]' is connected directly to output port 'wbs2_bte_i[0]'. (LINT-29)
Warning: In design 'arbiter_bytebus', input port 'wbm0_bte_o[0]' is connected directly to output port 'wbs1_bte_i[0]'. (LINT-29)
Warning: In design 'arbiter_bytebus', input port 'wbm0_bte_o[0]' is connected directly to output port 'wbs0_bte_i[0]'. (LINT-29)
Warning: In design 'arbiter_bytebus', output port 'wbs0_adr_i[31]' is connected directly to output port 'wbs4_adr_i[31]'. (LINT-31)
Warning: In design 'arbiter_bytebus', output port 'wbs0_adr_i[31]' is connected directly to output port 'wbs3_adr_i[31]'. (LINT-31)
Warning: In design 'arbiter_bytebus', output port 'wbs0_adr_i[31]' is connected directly to output port 'wbs2_adr_i[31]'. (LINT-31)
Warning: In design 'arbiter_bytebus', output port 'wbs0_adr_i[31]' is connected directly to output port 'wbs1_adr_i[31]'. (LINT-31)
Warning: In design 'arbiter_bytebus', output port 'wbs0_adr_i[30]' is connected directly to output port 'wbs4_adr_i[30]'. (LINT-31)
Warning: In design 'arbiter_bytebus', output port 'wbs0_adr_i[30]' is connected directly to output port 'wbs3_adr_i[30]'. (LINT-31)
Warning: In design 'arbiter_bytebus', output port 'wbs0_adr_i[30]' is connected directly to output port 'wbs2_adr_i[30]'. (LINT-31)
Warning: In design 'arbiter_bytebus', output port 'wbs0_adr_i[30]' is connected directly to output port 'wbs1_adr_i[30]'. (LINT-31)
Warning: In design 'arbiter_bytebus', output port 'wbs0_adr_i[29]' is connected directly to output port 'wbs4_adr_i[29]'. (LINT-31)
Warning: In design 'arbiter_bytebus', output port 'wbs0_adr_i[29]' is connected directly to output port 'wbs3_adr_i[29]'. (LINT-31)
Warning: In design 'arbiter_bytebus', output port 'wbs0_adr_i[29]' is connected directly to output port 'wbs2_adr_i[29]'. (LINT-31)
Warning: In design 'arbiter_bytebus', output port 'wbs0_adr_i[29]' is connected directly to output port 'wbs1_adr_i[29]'. (LINT-31)
Warning: In design 'arbiter_bytebus', output port 'wbs0_adr_i[28]' is connected directly to output port 'wbs4_adr_i[28]'. (LINT-31)
Warning: In design 'arbiter_bytebus', output port 'wbs0_adr_i[28]' is connected directly to output port 'wbs3_adr_i[28]'. (LINT-31)
Warning: In design 'arbiter_bytebus', output port 'wbs0_adr_i[28]' is connected directly to output port 'wbs2_adr_i[28]'. (LINT-31)
Warning: In design 'arbiter_bytebus', output port 'wbs0_adr_i[28]' is connected directly to output port 'wbs1_adr_i[28]'. (LINT-31)
Warning: In design 'arbiter_bytebus', output port 'wbs0_adr_i[27]' is connected directly to output port 'wbs4_adr_i[27]'. (LINT-31)
Warning: In design 'arbiter_bytebus', output port 'wbs0_adr_i[27]' is connected directly to output port 'wbs3_adr_i[27]'. (LINT-31)
Warning: In design 'arbiter_bytebus', output port 'wbs0_adr_i[27]' is connected directly to output port 'wbs2_adr_i[27]'. (LINT-31)
Warning: In design 'arbiter_bytebus', output port 'wbs0_adr_i[27]' is connected directly to output port 'wbs1_adr_i[27]'. (LINT-31)
Warning: In design 'arbiter_bytebus', output port 'wbs0_adr_i[26]' is connected directly to output port 'wbs4_adr_i[26]'. (LINT-31)
Warning: In design 'arbiter_bytebus', output port 'wbs0_adr_i[26]' is connected directly to output port 'wbs3_adr_i[26]'. (LINT-31)
Warning: In design 'arbiter_bytebus', output port 'wbs0_adr_i[26]' is connected directly to output port 'wbs2_adr_i[26]'. (LINT-31)
Warning: In design 'arbiter_bytebus', output port 'wbs0_adr_i[26]' is connected directly to output port 'wbs1_adr_i[26]'. (LINT-31)
Warning: In design 'arbiter_bytebus', output port 'wbs0_adr_i[25]' is connected directly to output port 'wbs4_adr_i[25]'. (LINT-31)
Warning: In design 'arbiter_bytebus', output port 'wbs0_adr_i[25]' is connected directly to output port 'wbs3_adr_i[25]'. (LINT-31)
Warning: In design 'arbiter_bytebus', output port 'wbs0_adr_i[25]' is connected directly to output port 'wbs2_adr_i[25]'. (LINT-31)
Warning: In design 'arbiter_bytebus', output port 'wbs0_adr_i[25]' is connected directly to output port 'wbs1_adr_i[25]'. (LINT-31)
Warning: In design 'arbiter_bytebus', output port 'wbs0_adr_i[24]' is connected directly to output port 'wbs4_adr_i[24]'. (LINT-31)
Warning: In design 'arbiter_bytebus', output port 'wbs0_adr_i[24]' is connected directly to output port 'wbs3_adr_i[24]'. (LINT-31)
Warning: In design 'arbiter_bytebus', output port 'wbs0_adr_i[24]' is connected directly to output port 'wbs2_adr_i[24]'. (LINT-31)
Warning: In design 'arbiter_bytebus', output port 'wbs0_adr_i[24]' is connected directly to output port 'wbs1_adr_i[24]'. (LINT-31)
Warning: In design 'arbiter_bytebus', output port 'wbs0_adr_i[23]' is connected directly to output port 'wbs4_adr_i[23]'. (LINT-31)
Warning: In design 'arbiter_bytebus', output port 'wbs0_adr_i[23]' is connected directly to output port 'wbs3_adr_i[23]'. (LINT-31)
Warning: In design 'arbiter_bytebus', output port 'wbs0_adr_i[23]' is connected directly to output port 'wbs2_adr_i[23]'. (LINT-31)
Warning: In design 'arbiter_bytebus', output port 'wbs0_adr_i[23]' is connected directly to output port 'wbs1_adr_i[23]'. (LINT-31)
Warning: In design 'arbiter_bytebus', output port 'wbs0_adr_i[22]' is connected directly to output port 'wbs4_adr_i[22]'. (LINT-31)
Warning: In design 'arbiter_bytebus', output port 'wbs0_adr_i[22]' is connected directly to output port 'wbs3_adr_i[22]'. (LINT-31)
Warning: In design 'arbiter_bytebus', output port 'wbs0_adr_i[22]' is connected directly to output port 'wbs2_adr_i[22]'. (LINT-31)
Warning: In design 'arbiter_bytebus', output port 'wbs0_adr_i[22]' is connected directly to output port 'wbs1_adr_i[22]'. (LINT-31)
Warning: In design 'arbiter_bytebus', output port 'wbs0_adr_i[21]' is connected directly to output port 'wbs4_adr_i[21]'. (LINT-31)
Warning: In design 'arbiter_bytebus', output port 'wbs0_adr_i[21]' is connected directly to output port 'wbs3_adr_i[21]'. (LINT-31)
Warning: In design 'arbiter_bytebus', output port 'wbs0_adr_i[21]' is connected directly to output port 'wbs2_adr_i[21]'. (LINT-31)
Warning: In design 'arbiter_bytebus', output port 'wbs0_adr_i[21]' is connected directly to output port 'wbs1_adr_i[21]'. (LINT-31)
Warning: In design 'arbiter_bytebus', output port 'wbs0_adr_i[20]' is connected directly to output port 'wbs4_adr_i[20]'. (LINT-31)
Warning: In design 'arbiter_bytebus', output port 'wbs0_adr_i[20]' is connected directly to output port 'wbs3_adr_i[20]'. (LINT-31)
Warning: In design 'arbiter_bytebus', output port 'wbs0_adr_i[20]' is connected directly to output port 'wbs2_adr_i[20]'. (LINT-31)
Warning: In design 'arbiter_bytebus', output port 'wbs0_adr_i[20]' is connected directly to output port 'wbs1_adr_i[20]'. (LINT-31)
Warning: In design 'arbiter_bytebus', output port 'wbs0_adr_i[19]' is connected directly to output port 'wbs4_adr_i[19]'. (LINT-31)
Warning: In design 'arbiter_bytebus', output port 'wbs0_adr_i[19]' is connected directly to output port 'wbs3_adr_i[19]'. (LINT-31)
Warning: In design 'arbiter_bytebus', output port 'wbs0_adr_i[19]' is connected directly to output port 'wbs2_adr_i[19]'. (LINT-31)
Warning: In design 'arbiter_bytebus', output port 'wbs0_adr_i[19]' is connected directly to output port 'wbs1_adr_i[19]'. (LINT-31)
Warning: In design 'arbiter_bytebus', output port 'wbs0_adr_i[18]' is connected directly to output port 'wbs4_adr_i[18]'. (LINT-31)
Warning: In design 'arbiter_bytebus', output port 'wbs0_adr_i[18]' is connected directly to output port 'wbs3_adr_i[18]'. (LINT-31)
Warning: In design 'arbiter_bytebus', output port 'wbs0_adr_i[18]' is connected directly to output port 'wbs2_adr_i[18]'. (LINT-31)
Warning: In design 'arbiter_bytebus', output port 'wbs0_adr_i[18]' is connected directly to output port 'wbs1_adr_i[18]'. (LINT-31)
Warning: In design 'arbiter_bytebus', output port 'wbs0_adr_i[17]' is connected directly to output port 'wbs4_adr_i[17]'. (LINT-31)
Warning: In design 'arbiter_bytebus', output port 'wbs0_adr_i[17]' is connected directly to output port 'wbs3_adr_i[17]'. (LINT-31)
Warning: In design 'arbiter_bytebus', output port 'wbs0_adr_i[17]' is connected directly to output port 'wbs2_adr_i[17]'. (LINT-31)
Warning: In design 'arbiter_bytebus', output port 'wbs0_adr_i[17]' is connected directly to output port 'wbs1_adr_i[17]'. (LINT-31)
Warning: In design 'arbiter_bytebus', output port 'wbs0_adr_i[16]' is connected directly to output port 'wbs4_adr_i[16]'. (LINT-31)
Warning: In design 'arbiter_bytebus', output port 'wbs0_adr_i[16]' is connected directly to output port 'wbs3_adr_i[16]'. (LINT-31)
Warning: In design 'arbiter_bytebus', output port 'wbs0_adr_i[16]' is connected directly to output port 'wbs2_adr_i[16]'. (LINT-31)
Warning: In design 'arbiter_bytebus', output port 'wbs0_adr_i[16]' is connected directly to output port 'wbs1_adr_i[16]'. (LINT-31)
Warning: In design 'arbiter_bytebus', output port 'wbs0_adr_i[15]' is connected directly to output port 'wbs4_adr_i[15]'. (LINT-31)
Warning: In design 'arbiter_bytebus', output port 'wbs0_adr_i[15]' is connected directly to output port 'wbs3_adr_i[15]'. (LINT-31)
Warning: In design 'arbiter_bytebus', output port 'wbs0_adr_i[15]' is connected directly to output port 'wbs2_adr_i[15]'. (LINT-31)
Warning: In design 'arbiter_bytebus', output port 'wbs0_adr_i[15]' is connected directly to output port 'wbs1_adr_i[15]'. (LINT-31)
Warning: In design 'arbiter_bytebus', output port 'wbs0_adr_i[14]' is connected directly to output port 'wbs4_adr_i[14]'. (LINT-31)
Warning: In design 'arbiter_bytebus', output port 'wbs0_adr_i[14]' is connected directly to output port 'wbs3_adr_i[14]'. (LINT-31)
Warning: In design 'arbiter_bytebus', output port 'wbs0_adr_i[14]' is connected directly to output port 'wbs2_adr_i[14]'. (LINT-31)
Warning: In design 'arbiter_bytebus', output port 'wbs0_adr_i[14]' is connected directly to output port 'wbs1_adr_i[14]'. (LINT-31)
Warning: In design 'arbiter_bytebus', output port 'wbs0_adr_i[13]' is connected directly to output port 'wbs4_adr_i[13]'. (LINT-31)
Warning: In design 'arbiter_bytebus', output port 'wbs0_adr_i[13]' is connected directly to output port 'wbs3_adr_i[13]'. (LINT-31)
Warning: In design 'arbiter_bytebus', output port 'wbs0_adr_i[13]' is connected directly to output port 'wbs2_adr_i[13]'. (LINT-31)
Warning: In design 'arbiter_bytebus', output port 'wbs0_adr_i[13]' is connected directly to output port 'wbs1_adr_i[13]'. (LINT-31)
Warning: In design 'arbiter_bytebus', output port 'wbs0_adr_i[12]' is connected directly to output port 'wbs4_adr_i[12]'. (LINT-31)
Warning: In design 'arbiter_bytebus', output port 'wbs0_adr_i[12]' is connected directly to output port 'wbs3_adr_i[12]'. (LINT-31)
Warning: In design 'arbiter_bytebus', output port 'wbs0_adr_i[12]' is connected directly to output port 'wbs2_adr_i[12]'. (LINT-31)
Warning: In design 'arbiter_bytebus', output port 'wbs0_adr_i[12]' is connected directly to output port 'wbs1_adr_i[12]'. (LINT-31)
Warning: In design 'arbiter_bytebus', output port 'wbs0_adr_i[11]' is connected directly to output port 'wbs4_adr_i[11]'. (LINT-31)
Warning: In design 'arbiter_bytebus', output port 'wbs0_adr_i[11]' is connected directly to output port 'wbs3_adr_i[11]'. (LINT-31)
Warning: In design 'arbiter_bytebus', output port 'wbs0_adr_i[11]' is connected directly to output port 'wbs2_adr_i[11]'. (LINT-31)
Warning: In design 'arbiter_bytebus', output port 'wbs0_adr_i[11]' is connected directly to output port 'wbs1_adr_i[11]'. (LINT-31)
Warning: In design 'arbiter_bytebus', output port 'wbs0_adr_i[10]' is connected directly to output port 'wbs4_adr_i[10]'. (LINT-31)
Warning: In design 'arbiter_bytebus', output port 'wbs0_adr_i[10]' is connected directly to output port 'wbs3_adr_i[10]'. (LINT-31)
Warning: In design 'arbiter_bytebus', output port 'wbs0_adr_i[10]' is connected directly to output port 'wbs2_adr_i[10]'. (LINT-31)
Warning: In design 'arbiter_bytebus', output port 'wbs0_adr_i[10]' is connected directly to output port 'wbs1_adr_i[10]'. (LINT-31)
Warning: In design 'arbiter_bytebus', output port 'wbs0_adr_i[9]' is connected directly to output port 'wbs4_adr_i[9]'. (LINT-31)
Warning: In design 'arbiter_bytebus', output port 'wbs0_adr_i[9]' is connected directly to output port 'wbs3_adr_i[9]'. (LINT-31)
Warning: In design 'arbiter_bytebus', output port 'wbs0_adr_i[9]' is connected directly to output port 'wbs2_adr_i[9]'. (LINT-31)
Warning: In design 'arbiter_bytebus', output port 'wbs0_adr_i[9]' is connected directly to output port 'wbs1_adr_i[9]'. (LINT-31)
Warning: In design 'arbiter_bytebus', output port 'wbs0_adr_i[8]' is connected directly to output port 'wbs4_adr_i[8]'. (LINT-31)
Warning: In design 'arbiter_bytebus', output port 'wbs0_adr_i[8]' is connected directly to output port 'wbs3_adr_i[8]'. (LINT-31)
Warning: In design 'arbiter_bytebus', output port 'wbs0_adr_i[8]' is connected directly to output port 'wbs2_adr_i[8]'. (LINT-31)
Warning: In design 'arbiter_bytebus', output port 'wbs0_adr_i[8]' is connected directly to output port 'wbs1_adr_i[8]'. (LINT-31)
Warning: In design 'arbiter_bytebus', output port 'wbs0_adr_i[7]' is connected directly to output port 'wbs4_adr_i[7]'. (LINT-31)
Warning: In design 'arbiter_bytebus', output port 'wbs0_adr_i[7]' is connected directly to output port 'wbs3_adr_i[7]'. (LINT-31)
Warning: In design 'arbiter_bytebus', output port 'wbs0_adr_i[7]' is connected directly to output port 'wbs2_adr_i[7]'. (LINT-31)
Warning: In design 'arbiter_bytebus', output port 'wbs0_adr_i[7]' is connected directly to output port 'wbs1_adr_i[7]'. (LINT-31)
Warning: In design 'arbiter_bytebus', output port 'wbs0_adr_i[6]' is connected directly to output port 'wbs4_adr_i[6]'. (LINT-31)
Warning: In design 'arbiter_bytebus', output port 'wbs0_adr_i[6]' is connected directly to output port 'wbs3_adr_i[6]'. (LINT-31)
Warning: In design 'arbiter_bytebus', output port 'wbs0_adr_i[6]' is connected directly to output port 'wbs2_adr_i[6]'. (LINT-31)
Warning: In design 'arbiter_bytebus', output port 'wbs0_adr_i[6]' is connected directly to output port 'wbs1_adr_i[6]'. (LINT-31)
Warning: In design 'arbiter_bytebus', output port 'wbs0_adr_i[5]' is connected directly to output port 'wbs4_adr_i[5]'. (LINT-31)
Warning: In design 'arbiter_bytebus', output port 'wbs0_adr_i[5]' is connected directly to output port 'wbs3_adr_i[5]'. (LINT-31)
Warning: In design 'arbiter_bytebus', output port 'wbs0_adr_i[5]' is connected directly to output port 'wbs2_adr_i[5]'. (LINT-31)
Warning: In design 'arbiter_bytebus', output port 'wbs0_adr_i[5]' is connected directly to output port 'wbs1_adr_i[5]'. (LINT-31)
Warning: In design 'arbiter_bytebus', output port 'wbs0_adr_i[4]' is connected directly to output port 'wbs4_adr_i[4]'. (LINT-31)
Warning: In design 'arbiter_bytebus', output port 'wbs0_adr_i[4]' is connected directly to output port 'wbs3_adr_i[4]'. (LINT-31)
Warning: In design 'arbiter_bytebus', output port 'wbs0_adr_i[4]' is connected directly to output port 'wbs2_adr_i[4]'. (LINT-31)
Warning: In design 'arbiter_bytebus', output port 'wbs0_adr_i[4]' is connected directly to output port 'wbs1_adr_i[4]'. (LINT-31)
Warning: In design 'arbiter_bytebus', output port 'wbs0_adr_i[3]' is connected directly to output port 'wbs4_adr_i[3]'. (LINT-31)
Warning: In design 'arbiter_bytebus', output port 'wbs0_adr_i[3]' is connected directly to output port 'wbs3_adr_i[3]'. (LINT-31)
Warning: In design 'arbiter_bytebus', output port 'wbs0_adr_i[3]' is connected directly to output port 'wbs2_adr_i[3]'. (LINT-31)
Warning: In design 'arbiter_bytebus', output port 'wbs0_adr_i[3]' is connected directly to output port 'wbs1_adr_i[3]'. (LINT-31)
Warning: In design 'arbiter_bytebus', output port 'wbs0_adr_i[2]' is connected directly to output port 'wbs4_adr_i[2]'. (LINT-31)
Warning: In design 'arbiter_bytebus', output port 'wbs0_adr_i[2]' is connected directly to output port 'wbs3_adr_i[2]'. (LINT-31)
Warning: In design 'arbiter_bytebus', output port 'wbs0_adr_i[2]' is connected directly to output port 'wbs2_adr_i[2]'. (LINT-31)
Warning: In design 'arbiter_bytebus', output port 'wbs0_adr_i[2]' is connected directly to output port 'wbs1_adr_i[2]'. (LINT-31)
Warning: In design 'arbiter_bytebus', output port 'wbs0_adr_i[1]' is connected directly to output port 'wbs4_adr_i[1]'. (LINT-31)
Warning: In design 'arbiter_bytebus', output port 'wbs0_adr_i[1]' is connected directly to output port 'wbs3_adr_i[1]'. (LINT-31)
Warning: In design 'arbiter_bytebus', output port 'wbs0_adr_i[1]' is connected directly to output port 'wbs2_adr_i[1]'. (LINT-31)
Warning: In design 'arbiter_bytebus', output port 'wbs0_adr_i[1]' is connected directly to output port 'wbs1_adr_i[1]'. (LINT-31)
Warning: In design 'arbiter_bytebus', output port 'wbs0_adr_i[0]' is connected directly to output port 'wbs4_adr_i[0]'. (LINT-31)
Warning: In design 'arbiter_bytebus', output port 'wbs0_adr_i[0]' is connected directly to output port 'wbs3_adr_i[0]'. (LINT-31)
Warning: In design 'arbiter_bytebus', output port 'wbs0_adr_i[0]' is connected directly to output port 'wbs2_adr_i[0]'. (LINT-31)
Warning: In design 'arbiter_bytebus', output port 'wbs0_adr_i[0]' is connected directly to output port 'wbs1_adr_i[0]'. (LINT-31)
Warning: In design 'arbiter_bytebus', output port 'wbs0_dat_i[7]' is connected directly to output port 'wbs4_dat_i[7]'. (LINT-31)
Warning: In design 'arbiter_bytebus', output port 'wbs0_dat_i[7]' is connected directly to output port 'wbs3_dat_i[7]'. (LINT-31)
Warning: In design 'arbiter_bytebus', output port 'wbs0_dat_i[7]' is connected directly to output port 'wbs2_dat_i[7]'. (LINT-31)
Warning: In design 'arbiter_bytebus', output port 'wbs0_dat_i[7]' is connected directly to output port 'wbs1_dat_i[7]'. (LINT-31)
Warning: In design 'arbiter_bytebus', output port 'wbs0_dat_i[6]' is connected directly to output port 'wbs4_dat_i[6]'. (LINT-31)
Warning: In design 'arbiter_bytebus', output port 'wbs0_dat_i[6]' is connected directly to output port 'wbs3_dat_i[6]'. (LINT-31)
Warning: In design 'arbiter_bytebus', output port 'wbs0_dat_i[6]' is connected directly to output port 'wbs2_dat_i[6]'. (LINT-31)
Warning: In design 'arbiter_bytebus', output port 'wbs0_dat_i[6]' is connected directly to output port 'wbs1_dat_i[6]'. (LINT-31)
Warning: In design 'arbiter_bytebus', output port 'wbs0_dat_i[5]' is connected directly to output port 'wbs4_dat_i[5]'. (LINT-31)
Warning: In design 'arbiter_bytebus', output port 'wbs0_dat_i[5]' is connected directly to output port 'wbs3_dat_i[5]'. (LINT-31)
Warning: In design 'arbiter_bytebus', output port 'wbs0_dat_i[5]' is connected directly to output port 'wbs2_dat_i[5]'. (LINT-31)
Warning: In design 'arbiter_bytebus', output port 'wbs0_dat_i[5]' is connected directly to output port 'wbs1_dat_i[5]'. (LINT-31)
Warning: In design 'arbiter_bytebus', output port 'wbs0_dat_i[4]' is connected directly to output port 'wbs4_dat_i[4]'. (LINT-31)
Warning: In design 'arbiter_bytebus', output port 'wbs0_dat_i[4]' is connected directly to output port 'wbs3_dat_i[4]'. (LINT-31)
Warning: In design 'arbiter_bytebus', output port 'wbs0_dat_i[4]' is connected directly to output port 'wbs2_dat_i[4]'. (LINT-31)
Warning: In design 'arbiter_bytebus', output port 'wbs0_dat_i[4]' is connected directly to output port 'wbs1_dat_i[4]'. (LINT-31)
Warning: In design 'arbiter_bytebus', output port 'wbs0_dat_i[3]' is connected directly to output port 'wbs4_dat_i[3]'. (LINT-31)
Warning: In design 'arbiter_bytebus', output port 'wbs0_dat_i[3]' is connected directly to output port 'wbs3_dat_i[3]'. (LINT-31)
Warning: In design 'arbiter_bytebus', output port 'wbs0_dat_i[3]' is connected directly to output port 'wbs2_dat_i[3]'. (LINT-31)
Warning: In design 'arbiter_bytebus', output port 'wbs0_dat_i[3]' is connected directly to output port 'wbs1_dat_i[3]'. (LINT-31)
Warning: In design 'arbiter_bytebus', output port 'wbs0_dat_i[2]' is connected directly to output port 'wbs4_dat_i[2]'. (LINT-31)
Warning: In design 'arbiter_bytebus', output port 'wbs0_dat_i[2]' is connected directly to output port 'wbs3_dat_i[2]'. (LINT-31)
Warning: In design 'arbiter_bytebus', output port 'wbs0_dat_i[2]' is connected directly to output port 'wbs2_dat_i[2]'. (LINT-31)
Warning: In design 'arbiter_bytebus', output port 'wbs0_dat_i[2]' is connected directly to output port 'wbs1_dat_i[2]'. (LINT-31)
Warning: In design 'arbiter_bytebus', output port 'wbs0_dat_i[1]' is connected directly to output port 'wbs4_dat_i[1]'. (LINT-31)
Warning: In design 'arbiter_bytebus', output port 'wbs0_dat_i[1]' is connected directly to output port 'wbs3_dat_i[1]'. (LINT-31)
Warning: In design 'arbiter_bytebus', output port 'wbs0_dat_i[1]' is connected directly to output port 'wbs2_dat_i[1]'. (LINT-31)
Warning: In design 'arbiter_bytebus', output port 'wbs0_dat_i[1]' is connected directly to output port 'wbs1_dat_i[1]'. (LINT-31)
Warning: In design 'arbiter_bytebus', output port 'wbs0_dat_i[0]' is connected directly to output port 'wbs4_dat_i[0]'. (LINT-31)
Warning: In design 'arbiter_bytebus', output port 'wbs0_dat_i[0]' is connected directly to output port 'wbs3_dat_i[0]'. (LINT-31)
Warning: In design 'arbiter_bytebus', output port 'wbs0_dat_i[0]' is connected directly to output port 'wbs2_dat_i[0]'. (LINT-31)
Warning: In design 'arbiter_bytebus', output port 'wbs0_dat_i[0]' is connected directly to output port 'wbs1_dat_i[0]'. (LINT-31)
Warning: In design 'arbiter_bytebus', output port 'wbs0_we_i' is connected directly to output port 'wbs4_we_i'. (LINT-31)
Warning: In design 'arbiter_bytebus', output port 'wbs0_we_i' is connected directly to output port 'wbs3_we_i'. (LINT-31)
Warning: In design 'arbiter_bytebus', output port 'wbs0_we_i' is connected directly to output port 'wbs2_we_i'. (LINT-31)
Warning: In design 'arbiter_bytebus', output port 'wbs0_we_i' is connected directly to output port 'wbs1_we_i'. (LINT-31)
Warning: In design 'arbiter_bytebus', output port 'wbs0_cyc_i' is connected directly to output port 'wbs4_stb_i'. (LINT-31)
Warning: In design 'arbiter_bytebus', output port 'wbs0_cyc_i' is connected directly to output port 'wbs4_cyc_i'. (LINT-31)
Warning: In design 'arbiter_bytebus', output port 'wbs0_cyc_i' is connected directly to output port 'wbs3_stb_i'. (LINT-31)
Warning: In design 'arbiter_bytebus', output port 'wbs0_cyc_i' is connected directly to output port 'wbs3_cyc_i'. (LINT-31)
Warning: In design 'arbiter_bytebus', output port 'wbs0_cyc_i' is connected directly to output port 'wbs2_stb_i'. (LINT-31)
Warning: In design 'arbiter_bytebus', output port 'wbs0_cyc_i' is connected directly to output port 'wbs2_cyc_i'. (LINT-31)
Warning: In design 'arbiter_bytebus', output port 'wbs0_cyc_i' is connected directly to output port 'wbs1_stb_i'. (LINT-31)
Warning: In design 'arbiter_bytebus', output port 'wbs0_cyc_i' is connected directly to output port 'wbs1_cyc_i'. (LINT-31)
Warning: In design 'arbiter_bytebus', output port 'wbs0_cyc_i' is connected directly to output port 'wbs0_stb_i'. (LINT-31)
Warning: In design 'arbiter_bytebus', output port 'wbs0_cti_i[2]' is connected directly to output port 'wbs4_cti_i[2]'. (LINT-31)
Warning: In design 'arbiter_bytebus', output port 'wbs0_cti_i[2]' is connected directly to output port 'wbs3_cti_i[2]'. (LINT-31)
Warning: In design 'arbiter_bytebus', output port 'wbs0_cti_i[2]' is connected directly to output port 'wbs2_cti_i[2]'. (LINT-31)
Warning: In design 'arbiter_bytebus', output port 'wbs0_cti_i[2]' is connected directly to output port 'wbs1_cti_i[2]'. (LINT-31)
Warning: In design 'arbiter_bytebus', output port 'wbs0_cti_i[1]' is connected directly to output port 'wbs4_cti_i[1]'. (LINT-31)
Warning: In design 'arbiter_bytebus', output port 'wbs0_cti_i[1]' is connected directly to output port 'wbs3_cti_i[1]'. (LINT-31)
Warning: In design 'arbiter_bytebus', output port 'wbs0_cti_i[1]' is connected directly to output port 'wbs2_cti_i[1]'. (LINT-31)
Warning: In design 'arbiter_bytebus', output port 'wbs0_cti_i[1]' is connected directly to output port 'wbs1_cti_i[1]'. (LINT-31)
Warning: In design 'arbiter_bytebus', output port 'wbs0_cti_i[0]' is connected directly to output port 'wbs4_cti_i[0]'. (LINT-31)
Warning: In design 'arbiter_bytebus', output port 'wbs0_cti_i[0]' is connected directly to output port 'wbs3_cti_i[0]'. (LINT-31)
Warning: In design 'arbiter_bytebus', output port 'wbs0_cti_i[0]' is connected directly to output port 'wbs2_cti_i[0]'. (LINT-31)
Warning: In design 'arbiter_bytebus', output port 'wbs0_cti_i[0]' is connected directly to output port 'wbs1_cti_i[0]'. (LINT-31)
Warning: In design 'arbiter_bytebus', output port 'wbs0_bte_i[1]' is connected directly to output port 'wbs4_bte_i[1]'. (LINT-31)
Warning: In design 'arbiter_bytebus', output port 'wbs0_bte_i[1]' is connected directly to output port 'wbs3_bte_i[1]'. (LINT-31)
Warning: In design 'arbiter_bytebus', output port 'wbs0_bte_i[1]' is connected directly to output port 'wbs2_bte_i[1]'. (LINT-31)
Warning: In design 'arbiter_bytebus', output port 'wbs0_bte_i[1]' is connected directly to output port 'wbs1_bte_i[1]'. (LINT-31)
Warning: In design 'arbiter_bytebus', output port 'wbs0_bte_i[0]' is connected directly to output port 'wbs4_bte_i[0]'. (LINT-31)
Warning: In design 'arbiter_bytebus', output port 'wbs0_bte_i[0]' is connected directly to output port 'wbs3_bte_i[0]'. (LINT-31)
Warning: In design 'arbiter_bytebus', output port 'wbs0_bte_i[0]' is connected directly to output port 'wbs2_bte_i[0]'. (LINT-31)
Warning: In design 'arbiter_bytebus', output port 'wbs0_bte_i[0]' is connected directly to output port 'wbs1_bte_i[0]'. (LINT-31)
1
