 
****************************************
Report : area
Design : arbiter_bytebus
Version: M-2016.12-SP2
Date   : Wed Jul  4 09:43:56 2018
****************************************

Library(s) Used:

    sc9_cmos10lpe_base_hvt_ss_nominal_max_1p08v_125c (File: /home/projects/vlsi/libraries/65lpe/ref_lib/arm/std_cells/hvt/timing_lib/nldm/db/sc9_cmos10lpe_base_hvt_ss_nominal_max_1p08v_125c.db)

Number of ports:                          408
Number of nets:                           188
Number of cells:                           90
Number of combinational cells:             89
Number of sequential cells:                 1
Number of macros/black boxes:               0
Number of buf/inv:                         15
Number of references:                      12

Combinational area:                149.760004
Buf/Inv area:                       16.200001
Noncombinational area:               7.560000
Macro/Black Box area:                0.000000
Net Interconnect area:      undefined  (No wire load specified)

Total cell area:                   157.320004
Total area:                 undefined
1
