 
****************************************
check_design summary:
Version:     M-2016.12-SP2
Date:        Tue Jul 10 11:58:29 2018
****************************************

                   Name                                            Total
--------------------------------------------------------------------------------
Inputs/Outputs                                                    117
    Unconnected ports (LINT-28)                                   113
    Shorted outputs (LINT-31)                                       1
    Constant outputs (LINT-52)                                      3
--------------------------------------------------------------------------------

Warning: In design 'iir_top', port 'coef[79]' is not connected to any nets. (LINT-28)
Warning: In design 'iir_top', port 'coef[78]' is not connected to any nets. (LINT-28)
Warning: In design 'iir_top', port 'coef[77]' is not connected to any nets. (LINT-28)
Warning: In design 'iir_top', port 'coef[76]' is not connected to any nets. (LINT-28)
Warning: In design 'iir_top', port 'coef[75]' is not connected to any nets. (LINT-28)
Warning: In design 'iir_top', port 'coef[74]' is not connected to any nets. (LINT-28)
Warning: In design 'iir_top', port 'coef[73]' is not connected to any nets. (LINT-28)
Warning: In design 'iir_top', port 'coef[72]' is not connected to any nets. (LINT-28)
Warning: In design 'iir_top', port 'coef[71]' is not connected to any nets. (LINT-28)
Warning: In design 'iir_top', port 'coef[70]' is not connected to any nets. (LINT-28)
Warning: In design 'iir_top', port 'coef[69]' is not connected to any nets. (LINT-28)
Warning: In design 'iir_top', port 'coef[68]' is not connected to any nets. (LINT-28)
Warning: In design 'iir_top', port 'coef[67]' is not connected to any nets. (LINT-28)
Warning: In design 'iir_top', port 'coef[66]' is not connected to any nets. (LINT-28)
Warning: In design 'iir_top', port 'coef[65]' is not connected to any nets. (LINT-28)
Warning: In design 'iir_top', port 'coef[64]' is not connected to any nets. (LINT-28)
Warning: In design 'iir_top', port 'coef[63]' is not connected to any nets. (LINT-28)
Warning: In design 'iir_top', port 'coef[62]' is not connected to any nets. (LINT-28)
Warning: In design 'iir_top', port 'coef[61]' is not connected to any nets. (LINT-28)
Warning: In design 'iir_top', port 'coef[60]' is not connected to any nets. (LINT-28)
Warning: In design 'iir_top', port 'coef[59]' is not connected to any nets. (LINT-28)
Warning: In design 'iir_top', port 'coef[58]' is not connected to any nets. (LINT-28)
Warning: In design 'iir_top', port 'coef[57]' is not connected to any nets. (LINT-28)
Warning: In design 'iir_top', port 'coef[56]' is not connected to any nets. (LINT-28)
Warning: In design 'iir_top', port 'coef[55]' is not connected to any nets. (LINT-28)
Warning: In design 'iir_top', port 'coef[54]' is not connected to any nets. (LINT-28)
Warning: In design 'iir_top', port 'coef[53]' is not connected to any nets. (LINT-28)
Warning: In design 'iir_top', port 'coef[52]' is not connected to any nets. (LINT-28)
Warning: In design 'iir_top', port 'coef[51]' is not connected to any nets. (LINT-28)
Warning: In design 'iir_top', port 'coef[50]' is not connected to any nets. (LINT-28)
Warning: In design 'iir_top', port 'coef[49]' is not connected to any nets. (LINT-28)
Warning: In design 'iir_top', port 'coef[48]' is not connected to any nets. (LINT-28)
Warning: In design 'iir_top', port 'coef[47]' is not connected to any nets. (LINT-28)
Warning: In design 'iir_top', port 'coef[46]' is not connected to any nets. (LINT-28)
Warning: In design 'iir_top', port 'coef[45]' is not connected to any nets. (LINT-28)
Warning: In design 'iir_top', port 'coef[44]' is not connected to any nets. (LINT-28)
Warning: In design 'iir_top', port 'coef[43]' is not connected to any nets. (LINT-28)
Warning: In design 'iir_top', port 'coef[42]' is not connected to any nets. (LINT-28)
Warning: In design 'iir_top', port 'coef[41]' is not connected to any nets. (LINT-28)
Warning: In design 'iir_top', port 'coef[40]' is not connected to any nets. (LINT-28)
Warning: In design 'iir_top', port 'coef[39]' is not connected to any nets. (LINT-28)
Warning: In design 'iir_top', port 'coef[38]' is not connected to any nets. (LINT-28)
Warning: In design 'iir_top', port 'coef[37]' is not connected to any nets. (LINT-28)
Warning: In design 'iir_top', port 'coef[36]' is not connected to any nets. (LINT-28)
Warning: In design 'iir_top', port 'coef[35]' is not connected to any nets. (LINT-28)
Warning: In design 'iir_top', port 'coef[34]' is not connected to any nets. (LINT-28)
Warning: In design 'iir_top', port 'coef[33]' is not connected to any nets. (LINT-28)
Warning: In design 'iir_top', port 'coef[32]' is not connected to any nets. (LINT-28)
Warning: In design 'iir_top', port 'coef[31]' is not connected to any nets. (LINT-28)
Warning: In design 'iir_top', port 'coef[30]' is not connected to any nets. (LINT-28)
Warning: In design 'iir_top', port 'coef[29]' is not connected to any nets. (LINT-28)
Warning: In design 'iir_top', port 'coef[28]' is not connected to any nets. (LINT-28)
Warning: In design 'iir_top', port 'coef[27]' is not connected to any nets. (LINT-28)
Warning: In design 'iir_top', port 'coef[26]' is not connected to any nets. (LINT-28)
Warning: In design 'iir_top', port 'coef[25]' is not connected to any nets. (LINT-28)
Warning: In design 'iir_top', port 'coef[24]' is not connected to any nets. (LINT-28)
Warning: In design 'iir_top', port 'coef[23]' is not connected to any nets. (LINT-28)
Warning: In design 'iir_top', port 'coef[22]' is not connected to any nets. (LINT-28)
Warning: In design 'iir_top', port 'coef[21]' is not connected to any nets. (LINT-28)
Warning: In design 'iir_top', port 'coef[20]' is not connected to any nets. (LINT-28)
Warning: In design 'iir_top', port 'coef[19]' is not connected to any nets. (LINT-28)
Warning: In design 'iir_top', port 'coef[18]' is not connected to any nets. (LINT-28)
Warning: In design 'iir_top', port 'coef[17]' is not connected to any nets. (LINT-28)
Warning: In design 'iir_top', port 'coef[16]' is not connected to any nets. (LINT-28)
Warning: In design 'iir_top', port 'coef[15]' is not connected to any nets. (LINT-28)
Warning: In design 'iir_top', port 'coef[14]' is not connected to any nets. (LINT-28)
Warning: In design 'iir_top', port 'coef[13]' is not connected to any nets. (LINT-28)
Warning: In design 'iir_top', port 'coef[12]' is not connected to any nets. (LINT-28)
Warning: In design 'iir_top', port 'coef[11]' is not connected to any nets. (LINT-28)
Warning: In design 'iir_top', port 'coef[10]' is not connected to any nets. (LINT-28)
Warning: In design 'iir_top', port 'coef[9]' is not connected to any nets. (LINT-28)
Warning: In design 'iir_top', port 'coef[8]' is not connected to any nets. (LINT-28)
Warning: In design 'iir_top', port 'coef[7]' is not connected to any nets. (LINT-28)
Warning: In design 'iir_top', port 'coef[6]' is not connected to any nets. (LINT-28)
Warning: In design 'iir_top', port 'coef[5]' is not connected to any nets. (LINT-28)
Warning: In design 'iir_top', port 'coef[4]' is not connected to any nets. (LINT-28)
Warning: In design 'iir_top', port 'coef[3]' is not connected to any nets. (LINT-28)
Warning: In design 'iir_top', port 'coef[2]' is not connected to any nets. (LINT-28)
Warning: In design 'iir_top', port 'coef[1]' is not connected to any nets. (LINT-28)
Warning: In design 'iir_top', port 'coef[0]' is not connected to any nets. (LINT-28)
Warning: In design 'iir_top', port 'wb_adr_i[31]' is not connected to any nets. (LINT-28)
Warning: In design 'iir_top', port 'wb_adr_i[30]' is not connected to any nets. (LINT-28)
Warning: In design 'iir_top', port 'wb_adr_i[29]' is not connected to any nets. (LINT-28)
Warning: In design 'iir_top', port 'wb_adr_i[28]' is not connected to any nets. (LINT-28)
Warning: In design 'iir_top', port 'wb_adr_i[27]' is not connected to any nets. (LINT-28)
Warning: In design 'iir_top', port 'wb_adr_i[26]' is not connected to any nets. (LINT-28)
Warning: In design 'iir_top', port 'wb_adr_i[25]' is not connected to any nets. (LINT-28)
Warning: In design 'iir_top', port 'wb_adr_i[24]' is not connected to any nets. (LINT-28)
Warning: In design 'iir_top', port 'wb_adr_i[23]' is not connected to any nets. (LINT-28)
Warning: In design 'iir_top', port 'wb_adr_i[22]' is not connected to any nets. (LINT-28)
Warning: In design 'iir_top', port 'wb_adr_i[21]' is not connected to any nets. (LINT-28)
Warning: In design 'iir_top', port 'wb_adr_i[20]' is not connected to any nets. (LINT-28)
Warning: In design 'iir_top', port 'wb_adr_i[19]' is not connected to any nets. (LINT-28)
Warning: In design 'iir_top', port 'wb_adr_i[18]' is not connected to any nets. (LINT-28)
Warning: In design 'iir_top', port 'wb_adr_i[17]' is not connected to any nets. (LINT-28)
Warning: In design 'iir_top', port 'wb_adr_i[16]' is not connected to any nets. (LINT-28)
Warning: In design 'iir_top', port 'wb_adr_i[15]' is not connected to any nets. (LINT-28)
Warning: In design 'iir_top', port 'wb_adr_i[14]' is not connected to any nets. (LINT-28)
Warning: In design 'iir_top', port 'wb_adr_i[13]' is not connected to any nets. (LINT-28)
Warning: In design 'iir_top', port 'wb_adr_i[12]' is not connected to any nets. (LINT-28)
Warning: In design 'iir_top', port 'wb_adr_i[11]' is not connected to any nets. (LINT-28)
Warning: In design 'iir_top', port 'wb_adr_i[10]' is not connected to any nets. (LINT-28)
Warning: In design 'iir_top', port 'wb_adr_i[9]' is not connected to any nets. (LINT-28)
Warning: In design 'iir_top', port 'wb_adr_i[8]' is not connected to any nets. (LINT-28)
Warning: In design 'iir_top', port 'wb_adr_i[7]' is not connected to any nets. (LINT-28)
Warning: In design 'iir_top', port 'wb_adr_i[6]' is not connected to any nets. (LINT-28)
Warning: In design 'iir_top', port 'wb_adr_i[1]' is not connected to any nets. (LINT-28)
Warning: In design 'iir_top', port 'wb_adr_i[0]' is not connected to any nets. (LINT-28)
Warning: In design 'iir_top', port 'wb_cyc_i' is not connected to any nets. (LINT-28)
Warning: In design 'iir_top', port 'wb_sel_i[3]' is not connected to any nets. (LINT-28)
Warning: In design 'iir_top', port 'wb_sel_i[2]' is not connected to any nets. (LINT-28)
Warning: In design 'iir_top', port 'wb_sel_i[1]' is not connected to any nets. (LINT-28)
Warning: In design 'iir_top', port 'wb_sel_i[0]' is not connected to any nets. (LINT-28)
Warning: In design 'iir_top', output port 'wb_err_o' is connected directly to output port 'int_o'. (LINT-31)
Warning: In design 'iir_top', output port 'wb_ack_o' is connected directly to 'logic 1'. (LINT-52)
Warning: In design 'iir_top', output port 'wb_err_o' is connected directly to 'logic 0'. (LINT-52)
Warning: In design 'iir_top', output port 'int_o' is connected directly to 'logic 0'. (LINT-52)
1
